ARM Linker, 5.03 [Build 76] [MDK-ARM Standard]

==============================================================================

Section Cross References

    startup_stm32f10x_hd.o(RESET) refers to startup_stm32f10x_hd.o(STACK) for __initial_sp
    startup_stm32f10x_hd.o(RESET) refers to startup_stm32f10x_hd.o(.text) for Reset_Handler
    startup_stm32f10x_hd.o(RESET) refers to stm32f10x_it.o(i.NMI_Handler) for NMI_Handler
    startup_stm32f10x_hd.o(RESET) refers to stm32f10x_it.o(i.HardFault_Handler) for HardFault_Handler
    startup_stm32f10x_hd.o(RESET) refers to stm32f10x_it.o(i.MemManage_Handler) for MemManage_Handler
    startup_stm32f10x_hd.o(RESET) refers to stm32f10x_it.o(i.BusFault_Handler) for BusFault_Handler
    startup_stm32f10x_hd.o(RESET) refers to stm32f10x_it.o(i.UsageFault_Handler) for UsageFault_Handler
    startup_stm32f10x_hd.o(RESET) refers to stm32f10x_it.o(i.SVC_Handler) for SVC_Handler
    startup_stm32f10x_hd.o(RESET) refers to stm32f10x_it.o(i.DebugMon_Handler) for DebugMon_Handler
    startup_stm32f10x_hd.o(RESET) refers to stm32f10x_it.o(i.PendSV_Handler) for PendSV_Handler
    startup_stm32f10x_hd.o(RESET) refers to stm32f10x_it.o(i.SysTick_Handler) for SysTick_Handler
    startup_stm32f10x_hd.o(RESET) refers to stm32f10x_it.o(i.RTC_IRQHandler) for RTC_IRQHandler
    startup_stm32f10x_hd.o(RESET) refers to stm32f10x_it.o(i.EXTI9_5_IRQHandler) for EXTI9_5_IRQHandler
    startup_stm32f10x_hd.o(.text) refers to system_stm32f10x.o(i.SystemInit) for SystemInit
    startup_stm32f10x_hd.o(.text) refers to entry.o(.ARM.Collect$$$$00000000) for __main
    system_stm32f10x.o(i.SetSysClock) refers to system_stm32f10x.o(i.SetSysClockTo72) for SetSysClockTo72
    system_stm32f10x.o(i.SystemCoreClockUpdate) refers to system_stm32f10x.o(.data) for SystemCoreClock
    system_stm32f10x.o(i.SystemInit) refers to system_stm32f10x.o(i.SetSysClock) for SetSysClock
    stm32f10x_adc.o(i.ADC_DeInit) refers to stm32f10x_rcc.o(i.RCC_APB2PeriphResetCmd) for RCC_APB2PeriphResetCmd
    stm32f10x_bkp.o(i.BKP_DeInit) refers to stm32f10x_rcc.o(i.RCC_BackupResetCmd) for RCC_BackupResetCmd
    stm32f10x_can.o(i.CAN_DeInit) refers to stm32f10x_rcc.o(i.RCC_APB1PeriphResetCmd) for RCC_APB1PeriphResetCmd
    stm32f10x_can.o(i.CAN_GetITStatus) refers to stm32f10x_can.o(i.CheckITStatus) for CheckITStatus
    stm32f10x_cec.o(i.CEC_DeInit) refers to stm32f10x_rcc.o(i.RCC_APB1PeriphResetCmd) for RCC_APB1PeriphResetCmd
    stm32f10x_dac.o(i.DAC_DeInit) refers to stm32f10x_rcc.o(i.RCC_APB1PeriphResetCmd) for RCC_APB1PeriphResetCmd
    stm32f10x_flash.o(i.FLASH_EnableWriteProtection) refers to stm32f10x_flash.o(i.FLASH_WaitForLastOperation) for FLASH_WaitForLastOperation
    stm32f10x_flash.o(i.FLASH_EraseAllBank1Pages) refers to stm32f10x_flash.o(i.FLASH_WaitForLastBank1Operation) for FLASH_WaitForLastBank1Operation
    stm32f10x_flash.o(i.FLASH_EraseAllPages) refers to stm32f10x_flash.o(i.FLASH_WaitForLastOperation) for FLASH_WaitForLastOperation
    stm32f10x_flash.o(i.FLASH_EraseOptionBytes) refers to stm32f10x_flash.o(i.FLASH_GetReadOutProtectionStatus) for FLASH_GetReadOutProtectionStatus
    stm32f10x_flash.o(i.FLASH_EraseOptionBytes) refers to stm32f10x_flash.o(i.FLASH_WaitForLastOperation) for FLASH_WaitForLastOperation
    stm32f10x_flash.o(i.FLASH_ErasePage) refers to stm32f10x_flash.o(i.FLASH_WaitForLastOperation) for FLASH_WaitForLastOperation
    stm32f10x_flash.o(i.FLASH_ProgramHalfWord) refers to stm32f10x_flash.o(i.FLASH_WaitForLastOperation) for FLASH_WaitForLastOperation
    stm32f10x_flash.o(i.FLASH_ProgramOptionByteData) refers to stm32f10x_flash.o(i.FLASH_WaitForLastOperation) for FLASH_WaitForLastOperation
    stm32f10x_flash.o(i.FLASH_ProgramWord) refers to stm32f10x_flash.o(i.FLASH_WaitForLastOperation) for FLASH_WaitForLastOperation
    stm32f10x_flash.o(i.FLASH_ReadOutProtection) refers to stm32f10x_flash.o(i.FLASH_WaitForLastOperation) for FLASH_WaitForLastOperation
    stm32f10x_flash.o(i.FLASH_UserOptionByteConfig) refers to stm32f10x_flash.o(i.FLASH_WaitForLastOperation) for FLASH_WaitForLastOperation
    stm32f10x_flash.o(i.FLASH_WaitForLastBank1Operation) refers to stm32f10x_flash.o(i.FLASH_GetBank1Status) for FLASH_GetBank1Status
    stm32f10x_flash.o(i.FLASH_WaitForLastOperation) refers to stm32f10x_flash.o(i.FLASH_GetBank1Status) for FLASH_GetBank1Status
    stm32f10x_gpio.o(i.GPIO_AFIODeInit) refers to stm32f10x_rcc.o(i.RCC_APB2PeriphResetCmd) for RCC_APB2PeriphResetCmd
    stm32f10x_gpio.o(i.GPIO_DeInit) refers to stm32f10x_rcc.o(i.RCC_APB2PeriphResetCmd) for RCC_APB2PeriphResetCmd
    stm32f10x_i2c.o(i.I2C_DeInit) refers to stm32f10x_rcc.o(i.RCC_APB1PeriphResetCmd) for RCC_APB1PeriphResetCmd
    stm32f10x_i2c.o(i.I2C_Init) refers to stm32f10x_rcc.o(i.RCC_GetClocksFreq) for RCC_GetClocksFreq
    stm32f10x_pwr.o(i.PWR_DeInit) refers to stm32f10x_rcc.o(i.RCC_APB1PeriphResetCmd) for RCC_APB1PeriphResetCmd
[...]
    i.USART_GetFlagStatus                    0x08004d3e   Section        0  stm32f10x_usart.o(i.USART_GetFlagStatus)
    i.USART_ITConfig                         0x08004d58   Section        0  stm32f10x_usart.o(i.USART_ITConfig)
    i.USART_Init                             0x08004da4   Section        0  stm32f10x_usart.o(i.USART_Init)
    i.USART_ReceiveData                      0x08004e7c   Section        0  stm32f10x_usart.o(i.USART_ReceiveData)
    i.USART_Scanf                            0x08004e88   Section        0  bsp_rtc.o(i.USART_Scanf)
    USART_Scanf                              0x08004e89   Thumb Code   110  bsp_rtc.o(i.USART_Scanf)
    i.USART_SendData                         0x08004f60   Section        0  stm32f10x_usart.o(i.USART_SendData)
    i.UsageFault_Handler                     0x08004f68   Section        0  stm32f10x_it.o(i.UsageFault_Handler)
    i.XPT2046_ReadAdc                        0x08004f6c   Section        0  bsp_touch.o(i.XPT2046_ReadAdc)
    i.XPT2046_ReadCMD                        0x08004f7c   Section        0  bsp_touch.o(i.XPT2046_ReadCMD)
    XPT2046_ReadCMD                          0x08004f7d   Thumb Code    88  bsp_touch.o(i.XPT2046_ReadCMD)
    i.XPT2046_WriteCMD                       0x08004fdc   Section        0  bsp_touch.o(i.XPT2046_WriteCMD)
    XPT2046_WriteCMD                         0x08004fdd   Thumb Code   100  bsp_touch.o(i.XPT2046_WriteCMD)
    i.__0printf$3                            0x08005048   Section        0  printf3.o(i.__0printf$3)
    i.__0sprintf$3                           0x08005068   Section        0  printf3.o(i.__0sprintf$3)
    i.__scatterload_copy                     0x08005090   Section       14  handlers.o(i.__scatterload_copy)
    i.__scatterload_null                     0x0800509e   Section        2  handlers.o(i.__scatterload_null)
    i.__scatterload_zeroinit                 0x080050a0   Section       14  handlers.o(i.__scatterload_zeroinit)
    i._printf_core                           0x080050b0   Section        0  printf3.o(i._printf_core)
    _printf_core                             0x080050b1   Thumb Code   436  printf3.o(i._printf_core)
    i._sputc                                 0x08005268   Section        0  printf3.o(i._sputc)
    _sputc                                   0x08005269   Thumb Code    10  printf3.o(i._sputc)
    i.check_fs                               0x08005274   Section        0  ff.o(i.check_fs)
    check_fs                                 0x08005275   Thumb Code   138  ff.o(i.check_fs)
    i.chk_chr                                0x08005304   Section        0  ff.o(i.chk_chr)
    chk_chr                                  0x08005305   Thumb Code    20  ff.o(i.chk_chr)
    i.chk_mounted                            0x08005318   Section        0  ff.o(i.chk_mounted)
    chk_mounted                              0x08005319   Thumb Code   898  ff.o(i.chk_mounted)
    i.clust2sect                             0x080056ac   Section        0  ff.o(i.clust2sect)
    i.cmp_lfn                                0x080056c8   Section        0  ff.o(i.cmp_lfn)
    cmp_lfn                                  0x080056c9   Thumb Code   138  ff.o(i.cmp_lfn)
    i.create_chain                           0x08005758   Section        0  ff.o(i.create_chain)
    create_chain                             0x08005759   Thumb Code   202  ff.o(i.create_chain)
    i.create_name                            0x08005824   Section        0  ff.o(i.create_name)
    create_name                              0x08005825   Thumb Code   604  ff.o(i.create_name)
    i.dir_find                               0x08005a94   Section        0  ff.o(i.dir_find)
    dir_find                                 0x08005a95   Thumb Code   222  ff.o(i.dir_find)
    i.dir_next                               0x08005b72   Section        0  ff.o(i.dir_next)
    dir_next                                 0x08005b73   Thumb Code   276  ff.o(i.dir_next)
    i.dir_register                           0x08005c86   Section        0  ff.o(i.dir_register)
    dir_register                             0x08005c87   Thumb Code   396  ff.o(i.dir_register)
    i.dir_sdi                                0x08005e12   Section        0  ff.o(i.dir_sdi)
    dir_sdi                                  0x08005e13   Thumb Code   156  ff.o(i.dir_sdi)
    i.disk_initialize                        0x08005eae   Section        0  diskio.o(i.disk_initialize)
    i.disk_ioctl                             0x08005ec8   Section        0  diskio.o(i.disk_ioctl)
    i.disk_read                              0x08005ece   Section        0  diskio.o(i.disk_read)
    i.disk_status                            0x08005f1c   Section        0  diskio.o(i.disk_status)
    i.disk_write                             0x08005f22   Section        0  diskio.o(i.disk_write)
    i.f_close                                0x08005f70   Section        0  ff.o(i.f_close)
    i.f_lseek                                0x08005f86   Section        0  ff.o(i.f_lseek)
    i.f_mount                                0x08006138   Section        0  ff.o(i.f_mount)
    i.f_open                                 0x08006164   Section        0  ff.o(i.f_open)
    i.f_read                                 0x080062d4   Section        0  ff.o(i.f_read)
    i.f_sync                                 0x0800649e   Section        0  ff.o(i.f_sync)
    i.ff_convert                             0x08006554   Section        0  cc936.o(i.ff_convert)
    i.ff_wtoupper                            0x080065d0   Section        0  cc936.o(i.ff_wtoupper)
    i.fit_lfn                                0x08006608   Section        0  ff.o(i.fit_lfn)
    fit_lfn                                  0x08006609   Thumb Code   122  ff.o(i.fit_lfn)
    i.follow_path                            0x08006688   Section        0  ff.o(i.follow_path)
    follow_path                              0x08006689   Thumb Code   158  ff.o(i.follow_path)
    i.fputc                                  0x08006728   Section        0  bsp_usart1.o(i.fputc)
    i.gen_numname                            0x0800674c   Section        0  ff.o(i.gen_numname)
    i.get_fat                                0x0800680a   Section        0  ff.o(i.get_fat)
    i.get_fattime                            0x080068ee   Section        0  diskio.o(i.get_fattime)
    i.itoa                                   0x080068f2   Section        0  bsp_usart2.o(i.itoa)
    itoa                                     0x080068f3   Thumb Code    98  bsp_usart2.o(i.itoa)
    i.main                                   0x08006954   Section        0  main.o(i.main)
    i.mem_cmp                                0x08006b94   Section        0  ff.o(i.mem_cmp)
    mem_cmp                                  0x08006b95   Thumb Code    38  ff.o(i.mem_cmp)
    i.mem_cpy                                0x08006bba   Section        0  ff.o(i.mem_cpy)
    mem_cpy                                  0x08006bbb   Thumb Code    26  ff.o(i.mem_cpy)
    i.mem_set                                0x08006bd4   Section        0  ff.o(i.mem_set)
    mem_set                                  0x08006bd5   Thumb Code    20  ff.o(i.mem_set)
    i.mktimev                                0x08006be8   Section        0  bsp_date.o(i.mktimev)
    i.move_window                            0x08006c68   Section        0  ff.o(i.move_window)
    move_window                              0x08006c69   Thumb Code   114  ff.o(i.move_window)
    i.oneMonthData                           0x08006cda   Section        0  bsp_touch.o(i.oneMonthData)
    i.put_fat                                0x08006cf6   Section        0  ff.o(i.put_fat)
    i.remove_chain                           0x08006e32   Section        0  ff.o(i.remove_chain)
    remove_chain                             0x08006e33   Thumb Code   104  ff.o(i.remove_chain)
    i.sum_sfn                                0x08006e9a   Section        0  ff.o(i.sum_sfn)
    sum_sfn                                  0x08006e9b   Thumb Code    32  ff.o(i.sum_sfn)
    i.sync                                   0x08006eba   Section        0  ff.o(i.sync)
    sync                                     0x08006ebb   Thumb Code   202  ff.o(i.sync)
    i.to_tm                                  0x08006f84   Section        0  bsp_date.o(i.to_tm)
    i.toch                                   0x08007050   Section        0  bsp_touch.o(i.toch)
    i.toch_1                                 0x080073e4   Section        0  bsp_touch.o(i.toch_1)
    i.toch_2                                 0x0800742c   Section        0  bsp_touch.o(i.toch_2)
    i.toch_return                            0x080074a4   Section        0  bsp_touch.o(i.toch_return)
    i.toch_sure                              0x080074dc   Section        0  bsp_touch.o(i.toch_sure)
    i.validate                               0x0800752c   Section        0  ff.o(i.validate)
    validate                                 0x0800752d   Thumb Code    42  ff.o(i.validate)
    i.wifi_Config                            0x08007556   Section        0  wifi_config.o(i.wifi_Config)
    i.wifi_send                              0x0800756c   Section        0  main.o(i.wifi_send)
    .constdata                               0x080075f4   Section     1140  bsp_ili9341_lcd.o(.constdata)
    .constdata                               0x08007a68   Section       48  bsp_date.o(.constdata)
    .constdata                               0x08007a98   Section       13  ff.o(.constdata)
    LfnOfs                                   0x08007a98   Data          13  ff.o(.constdata)
    .constdata                               0x08007aa6   Section    175304  cc936.o(.constdata)
    uni2oem                                  0x08007aa6   Data       87172  cc936.o(.constdata)
    oem2uni                                  0x0801cf2a   Data       87172  cc936.o(.constdata)
    tbl_lower                                0x080323ae   Data         480  cc936.o(.constdata)
    tbl_upper                                0x0803258e   Data         480  cc936.o(.constdata)
    .conststring                             0x0803276e   Section       57  bsp_rtc.o(.conststring)
    .data                                    0x20000000   Section       20  system_stm32f10x.o(.data)
    .data                                    0x20000014   Section       20  stm32f10x_rcc.o(.data)
    APBAHBPrescTable                         0x20000014   Data          16  stm32f10x_rcc.o(.data)
    ADCPrescTable                            0x20000024   Data           4  stm32f10x_rcc.o(.data)
    .data                                    0x20000028   Section       34  main.o(.data)
    .data                                    0x2000004c   Section        4  bsp_systick.o(.data)
    TimingDelay                              0x2000004c   Data           4  bsp_systick.o(.data)
    .data                                    0x20000050   Section        8  bsp_adc.o(.data)
    PM_2_5                                   0x20000050   Data           4  bsp_adc.o(.data)
    .data                                    0x20000058   Section      130  bsp_touch.o(.data)
    screen                                   0x200000ca   Data           4  bsp_touch.o(.data)
    screen2                                  0x200000ce   Data           4  bsp_touch.o(.data)
    TouchFlag_0                              0x200000d2   Data           1  bsp_touch.o(.data)
    TouchFlag_return                         0x200000d3   Data           1  bsp_touch.o(.data)
    TouchFlag_1                              0x200000d4   Data           1  bsp_touch.o(.data)
    TouchFlag_2                              0x200000d5   Data           1  bsp_touch.o(.data)
    .data                                    0x200000dc   Section       84  bsp_rtc.o(.data)
    .data                                    0x20000130   Section       48  bsp_date.o(.data)
    month_days                               0x20000130   Data          48  bsp_date.o(.data)
    .data                                    0x20000160   Section       20  bsp_sdio_sdcard.o(.data)
    CardType                                 0x20000160   Data           4  bsp_sdio_sdcard.o(.data)
    RCA                                      0x20000164   Data           4  bsp_sdio_sdcard.o(.data)
    .data                                    0x20000174   Section     1040  bsp_sdfs_app.o(.data)
    .data                                    0x20000584   Section        6  ff.o(.data)
    FatFs                                    0x20000584   Data           4  ff.o(.data)
    Fsid                                     0x20000588   Data           2  ff.o(.data)
    .data                                    0x2000058c   Section        4  stdout.o(.data)
    .bss                                     0x20000590   Section     2748  main.o(.bss)
    .bss                                     0x20001050   Section       72  bsp_touch.o(.bss)
    .bss                                     0x20001098   Section      196  bsp_sdio_sdcard.o(.bss)
    CSD_Tab                                  0x20001098   Data          16  bsp_sdio_sdcard.o(.bss)
    CID_Tab                                  0x200010a8   Data          16  bsp_sdio_sdcard.o(.bss)
    SDSTATUS_Tab                             0x200010b8   Data          16  bsp_sdio_sdcard.o(.bss)
    .bss                                     0x2000115c   Section     3240  bsp_sdfs_app.o(.bss)
    .bss                                     0x20001e04   Section     1026  wifi_config.o(.bss)
    STACK                                    0x20002208   Section     1024  startup_stm32f10x_hd.o(STACK)

    Global Symbols

    Symbol Name                              Value     Ov Type        Size  Object(Section)

    BuildAttributes$$THM_ISAv4$P$D$K$B$S$PE$A:L22UL41UL21$X:L11$S22US41US21$IEEE1$IW$USESV6$~STKCKD$USESV7$~SHL$OTIME$ROPI$EBA8$MICROLIB$REQ8$PRES8$EABIv2 0x00000000   Number         0  anon$$obj.o ABSOLUTE
    __ARM_use_no_argv                        0x00000000   Number         0  main.o ABSOLUTE
    _printf_a                                0x00000000   Number         0  stubs.o ABSOLUTE
    _printf_c                                0x00000000   Number         0  stubs.o ABSOLUTE
    _printf_charcount                        0x00000000   Number         0  stubs.o ABSOLUTE
    _printf_d                                0x00000000   Number         0  stubs.o ABSOLUTE
    _printf_e                                0x00000000   Number         0  stubs.o ABSOLUTE
    _printf_f                                0x00000000   Number         0  stubs.o ABSOLUTE
    _printf_flags                            0x00000000   Number         0  stubs.o ABSOLUTE
    _printf_fp_dec                           0x00000000   Number         0  stubs.o ABSOLUTE
    _printf_fp_hex                           0x00000000   Number         0  stubs.o ABSOLUTE
    _printf_g                                0x00000000   Number         0  stubs.o ABSOLUTE
    _printf_i                                0x00000000   Number         0  stubs.o ABSOLUTE
    _printf_int_dec                          0x00000000   Number         0  stubs.o ABSOLUTE
    _printf_l                                0x00000000   Number         0  stubs.o ABSOLUTE
    _printf_lc                               0x00000000   Number         0  stubs.o ABSOLUTE
    _printf_ll                               0x00000000   Number         0  stubs.o ABSOLUTE
    _printf_lld                              0x00000000   Number         0  stubs.o ABSOLUTE
    _printf_lli                              0x00000000   Number         0  stubs.o ABSOLUTE
    _printf_llo                              0x00000000   Number         0  stubs.o ABSOLUTE
    _printf_llu                              0x00000000   Number         0  stubs.o ABSOLUTE
    _printf_llx                              0x00000000   Number         0  stubs.o ABSOLUTE
    _printf_longlong_dec                     0x00000000   Number         0  stubs.o ABSOLUTE
    _printf_longlong_hex                     0x00000000   Number         0  stubs.o ABSOLUTE
    _printf_longlong_oct                     0x00000000   Number         0  stubs.o ABSOLUTE
    _printf_ls                               0x00000000   Number         0  stubs.o ABSOLUTE
    _printf_mbtowc                           0x00000000   Number         0  stubs.o ABSOLUTE
    _printf_n                                0x00000000   Number         0  stubs.o ABSOLUTE
    _printf_o                                0x00000000   Number         0  stubs.o ABSOLUTE
    _printf_p                                0x00000000   Number         0  stubs.o ABSOLUTE
    _printf_percent                          0x00000000   Number         0  stubs.o ABSOLUTE
    _printf_pre_padding                      0x00000000   Number         0  stubs.o ABSOLUTE
    _printf_return_value                     0x00000000   Number         0  stubs.o ABSOLUTE
    _printf_s                                0x00000000   Number         0  stubs.o ABSOLUTE
    _printf_sizespec                         0x00000000   Number         0  stubs.o ABSOLUTE
    _printf_str                              0x00000000   Number         0  stubs.o ABSOLUTE
    _printf_truncate_signed                  0x00000000   Number         0  stubs.o ABSOLUTE
    _printf_truncate_unsigned                0x00000000   Number         0  stubs.o ABSOLUTE
    _printf_u                                0x00000000   Number         0  stubs.o ABSOLUTE
    _printf_wc                               0x00000000   Number         0  stubs.o ABSOLUTE
    _printf_wctomb                           0x00000000   Number         0  stubs.o ABSOLUTE
    _printf_widthprec                        0x00000000   Number         0  stubs.o ABSOLUTE
    _printf_x                                0x00000000   Number         0  stubs.o ABSOLUTE
    __cpp_initialize__aeabi_                  - Undefined Weak Reference
    __cxa_finalize                            - Undefined Weak Reference
    _clock_init                               - Undefined Weak Reference
    _microlib_exit                            - Undefined Weak Reference
    _scanf_int                                - Undefined Weak Reference
    _scanf_longlong                           - Undefined Weak Reference
    _scanf_real                               - Undefined Weak Reference
    __Vectors_Size                           0x00000130   Number         0  startup_stm32f10x_hd.o ABSOLUTE
    __Vectors                                0x08000000   Data           4  startup_stm32f10x_hd.o(RESET)
    __Vectors_End                            0x08000130   Data           0  startup_stm32f10x_hd.o(RESET)
    __main                                   0x08000131   Thumb Code     0  entry.o(.ARM.Collect$$$$00000000)
    _main_stk                                0x08000131   Thumb Code     0  entry2.o(.ARM.Collect$$$$00000001)
    _main_scatterload                        0x08000135   Thumb Code     0  entry5.o(.ARM.Collect$$$$00000004)
    __main_after_scatterload                 0x08000139   Thumb Code     0  entry5.o(.ARM.Collect$$$$00000004)
    _main_clock                              0x08000139   Thumb Code     0  entry7b.o(.ARM.Collect$$$$00000008)
    _main_cpp_init                           0x08000139   Thumb Code     0  entry8b.o(.ARM.Collect$$$$0000000A)
    _main_init                               0x08000139   Thumb Code     0  entry9a.o(.ARM.Collect$$$$0000000B)
    __rt_final_cpp                           0x08000141   Thumb Code     0  entry10a.o(.ARM.Collect$$$$0000000D)
    __rt_final_exit                          0x08000141   Thumb Code     0  entry11a.o(.ARM.Collect$$$$0000000F)
    Reset_Handler                            0x08000145   Thumb Code     8  startup_stm32f10x_hd.o(.text)
    ADC1_2_IRQHandler                        0x0800015f   Thumb Code     0  startup_stm32f10x_hd.o(.text)
    ADC3_IRQHandler                          0x0800015f   Thumb Code     0  startup_stm32f10x_hd.o(.text)
    CAN1_RX1_IRQHandler                      0x0800015f   Thumb Code     0  startup_stm32f10x_hd.o(.text)
    CAN1_SCE_IRQHandler                      0x0800015f   Thumb Code     0  startup_stm32f10x_hd.o(.text)
    DMA1_Channel1_IRQHandler                 0x0800015f   Thumb Code     0  startup_stm32f10x_hd.o(.text)
    DMA1_Channel2_IRQHandler                 0x0800015f   Thumb Code     0  startup_stm32f10x_hd.o(.text)
    DMA1_Channel3_IRQHandler                 0x0800015f   Thumb Code     0  startup_stm32f10x_hd.o(.text)
    DMA1_Channel4_IRQHandler                 0x0800015f   Thumb Code     0  startup_stm32f10x_hd.o(.text)
    DMA1_Channel5_IRQHandler                 0x0800015f   Thumb Code     0  startup_stm32f10x_hd.o(.text)
    DMA1_Channel6_IRQHandler                 0x0800015f   Thumb Code     0  startup_stm32f10x_hd.o(.text)
    DMA1_Channel7_IRQHandler                 0x0800015f   Thumb Code     0  startup_stm32f10x_hd.o(.text)
    DMA2_Channel1_IRQHandler                 0x0800015f   Thumb Code     0  startup_stm32f10x_hd.o(.text)
    DMA2_Channel2_IRQHandler                 0x0800015f   Thumb Code     0  startup_stm32f10x_hd.o(.text)
    DMA2_Channel3_IRQHandler                 0x0800015f   Thumb Code     0  startup_stm32f10x_hd.o(.text)
    DMA2_Channel4_5_IRQHandler               0x0800015f   Thumb Code     0  startup_stm32f10x_hd.o(.text)
    EXTI0_IRQHandler                         0x0800015f   Thumb Code     0  startup_stm32f10x_hd.o(.text)
    EXTI15_10_IRQHandler                     0x0800015f   Thumb Code     0  startup_stm32f10x_hd.o(.text)
    EXTI1_IRQHandler                         0x0800015f   Thumb Code     0  startup_stm32f10x_hd.o(.text)
    EXTI2_IRQHandler                         0x0800015f   Thumb Code     0  startup_stm32f10x_hd.o(.text)
    EXTI3_IRQHandler                         0x0800015f   Thumb Code     0  startup_stm32f10x_hd.o(.text)
    EXTI4_IRQHandler                         0x0800015f   Thumb Code     0  startup_stm32f10x_hd.o(.text)
    FLASH_IRQHandler                         0x0800015f   Thumb Code     0  startup_stm32f10x_hd.o(.text)
    FSMC_IRQHandler                          0x0800015f   Thumb Code     0  startup_stm32f10x_hd.o(.text)
    I2C1_ER_IRQHandler                       0x0800015f   Thumb Code     0  startup_stm32f10x_hd.o(.text)
    I2C1_EV_IRQHandler                       0x0800015f   Thumb Code     0  startup_stm32f10x_hd.o(.text)
    I2C2_ER_IRQHandler                       0x0800015f   Thumb Code     0  startup_stm32f10x_hd.o(.text)
    I2C2_EV_IRQHandler                       0x0800015f   Thumb Code     0  startup_stm32f10x_hd.o(.text)
    PVD_IRQHandler                           0x0800015f   Thumb Code     0  startup_stm32f10x_hd.o(.text)
    RCC_IRQHandler                           0x0800015f   Thumb Code     0  startup_stm32f10x_hd.o(.text)
    RTCAlarm_IRQHandler                      0x0800015f   Thumb Code     0  startup_stm32f10x_hd.o(.text)
    SDIO_IRQHandler                          0x0800015f   Thumb Code     0  startup_stm32f10x_hd.o(.text)
    SPI1_IRQHandler                          0x0800015f   Thumb Code     0  startup_stm32f10x_hd.o(.text)
    SPI2_IRQHandler                          0x0800015f   Thumb Code     0  startup_stm32f10x_hd.o(.text)
    SPI3_IRQHandler                          0x0800015f   Thumb Code     0  startup_stm32f10x_hd.o(.text)
    TAMPER_IRQHandler                        0x0800015f   Thumb Code     0  startup_stm32f10x_hd.o(.text)
    TIM1_BRK_IRQHandler                      0x0800015f   Thumb Code     0  startup_stm32f10x_hd.o(.text)
    TIM1_CC_IRQHandler                       0x0800015f   Thumb Code     0  startup_stm32f10x_hd.o(.text)
    TIM1_TRG_COM_IRQHandler                  0x0800015f   Thumb Code     0  startup_stm32f10x_hd.o(.text)
    TIM1_UP_IRQHandler                       0x0800015f   Thumb Code     0  startup_stm32f10x_hd.o(.text)
    TIM2_IRQHandler                          0x0800015f   Thumb Code     0  startup_stm32f10x_hd.o(.text)
    TIM3_IRQHandler                          0x0800015f   Thumb Code     0  startup_stm32f10x_hd.o(.text)
    TIM4_IRQHandler                          0x0800015f   Thumb Code     0  startup_stm32f10x_hd.o(.text)
    TIM5_IRQHandler                          0x0800015f   Thumb Code     0  startup_stm32f10x_hd.o(.text)
    TIM6_IRQHandler                          0x0800015f   Thumb Code     0  startup_stm32f10x_hd.o(.text)
    TIM7_IRQHandler                          0x0800015f   Thumb Code     0  startup_stm32f10x_hd.o(.text)
    TIM8_BRK_IRQHandler                      0x0800015f   Thumb Code     0  startup_stm32f10x_hd.o(.text)
    TIM8_CC_IRQHandler                       0x0800015f   Thumb Code     0  startup_stm32f10x_hd.o(.text)
    TIM8_TRG_COM_IRQHandler                  0x0800015f   Thumb Code     0  startup_stm32f10x_hd.o(.text)
    TIM8_UP_IRQHandler                       0x0800015f   Thumb Code     0  startup_stm32f10x_hd.o(.text)
    UART4_IRQHandler                         0x0800015f   Thumb Code     0  startup_stm32f10x_hd.o(.text)
    UART5_IRQHandler                         0x0800015f   Thumb Code     0  startup_stm32f10x_hd.o(.text)
    USART1_IRQHandler                        0x0800015f   Thumb Code     0  startup_stm32f10x_hd.o(.text)
    USART2_IRQHandler                        0x0800015f   Thumb Code     0  startup_stm32f10x_hd.o(.text)
    USART3_IRQHandler                        0x0800015f   Thumb Code     0  startup_stm32f10x_hd.o(.text)
    USBWakeUp_IRQHandler                     0x0800015f   Thumb Code     0  startup_stm32f10x_hd.o(.text)
    USB_HP_CAN1_TX_IRQHandler                0x0800015f   Thumb Code     0  startup_stm32f10x_hd.o(.text)
    USB_LP_CAN1_RX0_IRQHandler               0x0800015f   Thumb Code     0  startup_stm32f10x_hd.o(.text)
    WWDG_IRQHandler                          0x0800015f   Thumb Code     0  startup_stm32f10x_hd.o(.text)
    __aeabi_memcpy                           0x08000169   Thumb Code    36  memcpya.o(.text)
    __aeabi_memcpy4                          0x08000169   Thumb Code     0  memcpya.o(.text)
    __aeabi_memcpy8                          0x08000169   Thumb Code     0  memcpya.o(.text)
    __aeabi_memset                           0x0800018d   Thumb Code    14  memseta.o(.text)
    __aeabi_memset4                          0x0800018d   Thumb Code     0  memseta.o(.text)
    __aeabi_memset8                          0x0800018d   Thumb Code     0  memseta.o(.text)
    __aeabi_memclr                           0x0800019b   Thumb Code     4  memseta.o(.text)
    __aeabi_memclr4                          0x0800019b   Thumb Code     0  memseta.o(.text)
    __aeabi_memclr8                          0x0800019b   Thumb Code     0  memseta.o(.text)
    _memset$wrapper                          0x0800019f   Thumb Code    18  memseta.o(.text)
    strstr                                   0x080001b1   Thumb Code    36  strstr.o(.text)
    __aeabi_fmul                             0x080001d5   Thumb Code   108  fmul.o(.text)
    __aeabi_fdiv                             0x08000241   Thumb Code   128  fdiv.o(.text)
    __aeabi_dadd                             0x080002c1   Thumb Code   322  dadd.o(.text)
    __aeabi_dsub                             0x08000403   Thumb Code     6  dadd.o(.text)
    __aeabi_drsub                            0x08000409   Thumb Code     6  dadd.o(.text)
    __aeabi_dmul                             0x0800040f   Thumb Code   228  dmul.o(.text)
    __aeabi_ddiv                             0x080004f3   Thumb Code   222  ddiv.o(.text)
    __aeabi_ui2f                             0x080005d1   Thumb Code    10  ffltui.o(.text)
    __aeabi_i2d                              0x080005db   Thumb Code    34  dflti.o(.text)
    __aeabi_ui2d                             0x080005fd   Thumb Code    26  dfltui.o(.text)
    __aeabi_f2uiz                            0x08000617   Thumb Code    40  ffixui.o(.text)
    __aeabi_d2uiz                            0x0800063f   Thumb Code    50  dfixui.o(.text)
    __aeabi_cdcmpeq                          0x08000671   Thumb Code     0  cdcmple.o(.text)
    __aeabi_cdcmple                          0x08000671   Thumb Code    38  cdcmple.o(.text)
    __aeabi_uidiv                            0x08000699   Thumb Code     0  uidiv.o(.text)
    __aeabi_uidivmod                         0x08000699   Thumb Code    44  uidiv.o(.text)
    __aeabi_llsl                             0x080006c5   Thumb Code    30  llshl.o(.text)
    _ll_shift_l                              0x080006c5   Thumb Code     0  llshl.o(.text)
    __aeabi_llsr                             0x080006e3   Thumb Code    32  llushr.o(.text)
    _ll_ushift_r                             0x080006e3   Thumb Code     0  llushr.o(.text)
    __aeabi_lasr                             0x08000703   Thumb Code    36  llsshr.o(.text)
    _ll_sshift_r                             0x08000703   Thumb Code     0  llsshr.o(.text)
    __I$use$fp                               0x08000727   Thumb Code     0  iusefp.o(.text)
    _float_round                             0x08000727   Thumb Code    18  fepilogue.o(.text)
    _float_epilogue                          0x08000739   Thumb Code    90  fepilogue.o(.text)
    _double_round                            0x08000793   Thumb Code    26  depilogue.o(.text)
    _double_epilogue                         0x080007ad   Thumb Code   164  depilogue.o(.text)
    __scatterload                            0x08000851   Thumb Code    28  init.o(.text)
    __scatterload_rt2                        0x08000851   Thumb Code     0  init.o(.text)
    __decompress                             0x08000875   Thumb Code     0  __dczerorl2.o(.text)
    __decompress1                            0x08000875   Thumb Code    92  __dczerorl2.o(.text)
    ADC1_Init                                0x08000901   Thumb Code    12  bsp_adc.o(i.ADC1_Init)
    ADC_Cmd                                  0x080009f9   Thumb Code    22  stm32f10x_adc.o(i.ADC_Cmd)
    ADC_DMACmd                               0x08000a0f   Thumb Code    22  stm32f10x_adc.o(i.ADC_DMACmd)
    ADC_GetCalibrationStatus                 0x08000a25   Thumb Code    20  stm32f10x_adc.o(i.ADC_GetCalibrationStatus)
    ADC_GetResetCalibrationStatus            0x08000a39   Thumb Code    20  stm32f10x_adc.o(i.ADC_GetResetCalibrationStatus)
    ADC_Init                                 0x08000a4d   Thumb Code    70  stm32f10x_adc.o(i.ADC_Init)
    ADC_RegularChannelConfig                 0x08000a9d   Thumb Code   184  stm32f10x_adc.o(i.ADC_RegularChannelConfig)
    ADC_ResetCalibration                     0x08000b55   Thumb Code    10  stm32f10x_adc.o(i.ADC_ResetCalibration)
    ADC_SoftwareStartConvCmd                 0x08000b5f   Thumb Code    22  stm32f10x_adc.o(i.ADC_SoftwareStartConvCmd)
    ADC_StartCalibration                     0x08000b75   Thumb Code    10  stm32f10x_adc.o(i.ADC_StartCalibration)
    BKP_DeInit                               0x08000b7f   Thumb Code    16  stm32f10x_bkp.o(i.BKP_DeInit)
    BKP_ReadBackupRegister                   0x08000b91   Thumb Code    24  stm32f10x_bkp.o(i.BKP_ReadBackupRegister)
    BKP_WriteBackupRegister                  0x08000bad   Thumb Code    22  stm32f10x_bkp.o(i.BKP_WriteBackupRegister)
    BusFault_Handler                         0x08000bc9   Thumb Code     4  stm32f10x_it.o(i.BusFault_Handler)
    Cal_touch_para                           0x08000bcd   Thumb Code   356  bsp_touch.o(i.Cal_touch_para)
    DHT11_GPIO_Config                        0x08000eed   Thumb Code    50  bsp_dht11.o(i.DHT11_GPIO_Config)
    DMA_ClearFlag                            0x08000f69   Thumb Code    18  stm32f10x_dma.o(i.DMA_ClearFlag)
    DMA_Cmd                                  0x08000f85   Thumb Code    24  stm32f10x_dma.o(i.DMA_Cmd)
    DMA_DeInit                               0x08000f9d   Thumb Code   324  stm32f10x_dma.o(i.DMA_DeInit)
    DMA_GetFlagStatus                        0x080010e9   Thumb Code    34  stm32f10x_dma.o(i.DMA_GetFlagStatus)
    DMA_Init                                 0x08001115   Thumb Code    60  stm32f10x_dma.o(i.DMA_Init)
    DebugMon_Handler                         0x08001151   Thumb Code     2  stm32f10x_it.o(i.DebugMon_Handler)
    Delay_us                                 0x08001175   Thumb Code    36  bsp_systick.o(i.Delay_us)
    DrawCross                                0x0800119d   Thumb Code    52  bsp_touch.o(i.DrawCross)
    ESP8266_Cmd                              0x080011d1   Thumb Code   168  wifi_function.o(i.ESP8266_Cmd)
    ESP8266_Enable_MultipleId                0x0800128d   Thumb Code    54  wifi_function.o(i.ESP8266_Enable_MultipleId)
    ESP8266_Link_Server                      0x080012e9   Thumb Code   110  wifi_function.o(i.ESP8266_Link_Server)
    ESP8266_Net_Mode_Choose                  0x080013a9   Thumb Code    68  wifi_function.o(i.ESP8266_Net_Mode_Choose)
    ESP8266_Sendshu                          0x08001421   Thumb Code    32  wifi_function.o(i.ESP8266_Sendshu)
    ESP8266_UnvarnishSend                    0x0800144d   Thumb Code    44  wifi_function.o(i.ESP8266_UnvarnishSend)
    EXTI9_5_IRQHandler                       0x080014b5   Thumb Code    26  stm32f10x_it.o(i.EXTI9_5_IRQHandler)
    EXTI_ClearITPendingBit                   0x080014d5   Thumb Code     6  stm32f10x_exti.o(i.EXTI_ClearITPendingBit)
    EXTI_GetITStatus                         0x080014e1   Thumb Code    34  stm32f10x_exti.o(i.EXTI_GetITStatus)
    EXTI_Init                                0x08001509   Thumb Code   142  stm32f10x_exti.o(i.EXTI_Init)
    FSMC_NORSRAMCmd                          0x0800159d   Thumb Code    46  stm32f10x_fsmc.o(i.FSMC_NORSRAMCmd)
    FSMC_NORSRAMInit                         0x080015d1   Thumb Code   224  stm32f10x_fsmc.o(i.FSMC_NORSRAMInit)
    GPIO_EXTILineConfig                      0x08001899   Thumb Code    60  stm32f10x_gpio.o(i.GPIO_EXTILineConfig)
    GPIO_Init                                0x080018d9   Thumb Code   274  stm32f10x_gpio.o(i.GPIO_Init)
    GPIO_ReadInputDataBit                    0x080019eb   Thumb Code    18  stm32f10x_gpio.o(i.GPIO_ReadInputDataBit)
    GPIO_ResetBits                           0x080019fd   Thumb Code     4  stm32f10x_gpio.o(i.GPIO_ResetBits)
    GPIO_SPI_Config                          0x08001a01   Thumb Code   124  bsp_gpio_spi.o(i.GPIO_SPI_Config)
    GPIO_SetBits                             0x08001a85   Thumb Code     4  stm32f10x_gpio.o(i.GPIO_SetBits)
    GetGBKCode_from_sd                       0x08001a89   Thumb Code   104  bsp_sdfs_app.o(i.GetGBKCode_from_sd)
    Get_touch_point                          0x08001b11   Thumb Code   238  bsp_touch.o(i.Get_touch_point)
    GregorianDay                             0x08001c09   Thumb Code   146  bsp_date.o(i.GregorianDay)
    HardFault_Handler                        0x08001ca1   Thumb Code     4  stm32f10x_it.o(i.HardFault_Handler)
    LCD_Clear                                0x08001ca5   Thumb Code   112  bsp_ili9341_lcd.o(i.LCD_Clear)
    LCD_DisNum                               0x08001d15   Thumb Code   104  bsp_ili9341_lcd.o(i.LCD_DisNum)
    LCD_DispCH                               0x08001d7d   Thumb Code   134  bsp_ili9341_lcd.o(i.LCD_DispCH)
    LCD_DispChar                             0x08001e05   Thumb Code   108  bsp_ili9341_lcd.o(i.LCD_DispChar)
    LCD_DispEnCh                             0x08001e75   Thumb Code   114  bsp_ili9341_lcd.o(i.LCD_DispEnCh)
    LCD_DispStr                              0x08001ee7   Thumb Code    60  bsp_ili9341_lcd.o(i.LCD_DispStr)
    LCD_DispStrCH                            0x08001f23   Thumb Code    66  bsp_ili9341_lcd.o(i.LCD_DispStrCH)
    LCD_Dispgraphic                          0x08001f65   Thumb Code   190  bsp_ili9341_lcd.o(i.LCD_Dispgraphic)
    LCD_FSMC_Config                          0x08002023   Thumb Code    94  bsp_ili9341_lcd.o(i.LCD_FSMC_Config)
    LCD_GPIO_Config                          0x08002081   Thumb Code   174  bsp_ili9341_lcd.o(i.LCD_GPIO_Config)
    LCD_Init                                 0x08002141   Thumb Code    20  bsp_ili9341_lcd.o(i.LCD_Init)
    LCD_OpenWindow                           0x08002155   Thumb Code    80  bsp_ili9341_lcd.o(i.LCD_OpenWindow)
    LCD_REG_Config                           0x080021a5   Thumb Code   526  bsp_ili9341_lcd.o(i.LCD_REG_Config)
    LCD_Rst                                  0x080023b9   Thumb Code    36  bsp_ili9341_lcd.o(i.LCD_Rst)
    LCD_Show                                 0x080023e5   Thumb Code   180  main.o(i.LCD_Show)
    Lcd_Delay                                0x080024dd   Thumb Code    18  bsp_ili9341_lcd.o(i.Lcd_Delay)
    Lcd_GramScan                             0x080024ef   Thumb Code   294  bsp_ili9341_lcd.o(i.Lcd_GramScan)
    MemManage_Handler                        0x08002615   Thumb Code     4  stm32f10x_it.o(i.MemManage_Handler)
    NMI_Handler                              0x08002619   Thumb Code     2  stm32f10x_it.o(i.NMI_Handler)
    NVIC_Init                                0x0800261d   Thumb Code   102  misc.o(i.NVIC_Init)
    NVIC_PriorityGroupConfig                 0x08002691   Thumb Code    10  misc.o(i.NVIC_PriorityGroupConfig)
    PM2_5                                    0x080026a5   Thumb Code    58  bsp_adc.o(i.PM2_5)
    PM2_5_GPIO_INIT                          0x080026ed   Thumb Code    46  bsp_adc.o(i.PM2_5_GPIO_INIT)
    PWR_BackupAccessCmd                      0x08002721   Thumb Code     6  stm32f10x_pwr.o(i.PWR_BackupAccessCmd)
    PendSV_Handler                           0x0800272d   Thumb Code     2  stm32f10x_it.o(i.PendSV_Handler)
    RCC_ADCCLKConfig                         0x08002731   Thumb Code    18  stm32f10x_rcc.o(i.RCC_ADCCLKConfig)
    RCC_AHBPeriphClockCmd                    0x08002749   Thumb Code    26  stm32f10x_rcc.o(i.RCC_AHBPeriphClockCmd)
    RCC_APB1PeriphClockCmd                   0x08002769   Thumb Code    26  stm32f10x_rcc.o(i.RCC_APB1PeriphClockCmd)
    RCC_APB2PeriphClockCmd                   0x08002789   Thumb Code    26  stm32f10x_rcc.o(i.RCC_APB2PeriphClockCmd)
    RCC_BackupResetCmd                       0x080027a9   Thumb Code     6  stm32f10x_rcc.o(i.RCC_BackupResetCmd)
    RCC_ClearFlag                            0x080027b5   Thumb Code    14  stm32f10x_rcc.o(i.RCC_ClearFlag)
    RCC_GetClocksFreq                        0x080027c9   Thumb Code   192  stm32f10x_rcc.o(i.RCC_GetClocksFreq)
    RCC_GetFlagStatus                        0x0800289d   Thumb Code    56  stm32f10x_rcc.o(i.RCC_GetFlagStatus)
    RCC_LSEConfig                            0x080028d9   Thumb Code    44  stm32f10x_rcc.o(i.RCC_LSEConfig)
    RCC_RTCCLKCmd                            0x0800290d   Thumb Code     6  stm32f10x_rcc.o(i.RCC_RTCCLKCmd)
    RCC_RTCCLKConfig                         0x08002919   Thumb Code    12  stm32f10x_rcc.o(i.RCC_RTCCLKConfig)
    RTC_CheckAndConfig                       0x08002929   Thumb Code    76  bsp_rtc.o(i.RTC_CheckAndConfig)
    RTC_ClearITPendingBit                    0x08002975   Thumb Code    12  stm32f10x_rtc.o(i.RTC_ClearITPendingBit)
    RTC_Configuration                        0x08002985   Thumb Code    88  bsp_rtc.o(i.RTC_Configuration)
    RTC_EnterConfigMode                      0x080029dd   Thumb Code    14  stm32f10x_rtc.o(i.RTC_EnterConfigMode)
    RTC_ExitConfigMode                       0x080029f1   Thumb Code    16  stm32f10x_rtc.o(i.RTC_ExitConfigMode)
    RTC_GetCounter                           0x08002a05   Thumb Code    16  stm32f10x_rtc.o(i.RTC_GetCounter)
    RTC_GetITStatus                          0x08002a19   Thumb Code    32  stm32f10x_rtc.o(i.RTC_GetITStatus)
    RTC_IRQHandler                           0x08002a3d   Thumb Code    28  stm32f10x_it.o(i.RTC_IRQHandler)
    RTC_ITConfig                             0x08002a5d   Thumb Code    26  stm32f10x_rtc.o(i.RTC_ITConfig)
    RTC_NVIC_Config                          0x08002a7d   Thumb Code    42  bsp_rtc.o(i.RTC_NVIC_Config)
    RTC_SetCounter                           0x08002aa9   Thumb Code    24  stm32f10x_rtc.o(i.RTC_SetCounter)
    RTC_SetPrescaler                         0x08002ac5   Thumb Code    26  stm32f10x_rtc.o(i.RTC_SetPrescaler)
    RTC_WaitForLastTask                      0x08002ae5   Thumb Code    14  stm32f10x_rtc.o(i.RTC_WaitForLastTask)
    RTC_WaitForSynchro                       0x08002af9   Thumb Code    28  stm32f10x_rtc.o(i.RTC_WaitForSynchro)
    Read_2046_2                              0x08002b19   Thumb Code   292  bsp_touch.o(i.Read_2046_2)
    Read_DHT11                               0x08002ca9   Thumb Code   168  bsp_dht11.o(i.Read_DHT11)
    SDIO_ClearFlag                           0x08002e6d   Thumb Code     6  stm32f10x_sdio.o(i.SDIO_ClearFlag)
    SDIO_ClockCmd                            0x08002e79   Thumb Code     6  stm32f10x_sdio.o(i.SDIO_ClockCmd)
    SDIO_DMACmd                              0x08002e85   Thumb Code     6  stm32f10x_sdio.o(i.SDIO_DMACmd)
    SDIO_DataConfig                          0x08002e91   Thumb Code    42  stm32f10x_sdio.o(i.SDIO_DataConfig)
    SDIO_DeInit                              0x08002ec1   Thumb Code    28  stm32f10x_sdio.o(i.SDIO_DeInit)
    SDIO_GetCommandResponse                  0x08002ee5   Thumb Code     8  stm32f10x_sdio.o(i.SDIO_GetCommandResponse)
    SDIO_GetFlagStatus                       0x08002ef1   Thumb Code    20  stm32f10x_sdio.o(i.SDIO_GetFlagStatus)
    SDIO_GetPowerState                       0x08002f09   Thumb Code    10  stm32f10x_sdio.o(i.SDIO_GetPowerState)
    SDIO_GetResponse                         0x08002f19   Thumb Code    20  stm32f10x_sdio.o(i.SDIO_GetResponse)
    SDIO_ITConfig                            0x08002f31   Thumb Code    26  stm32f10x_sdio.o(i.SDIO_ITConfig)
    SDIO_Init                                0x08002f51   Thumb Code    42  stm32f10x_sdio.o(i.SDIO_Init)
    SDIO_ReadData                            0x08002f81   Thumb Code     6  stm32f10x_sdio.o(i.SDIO_ReadData)
    SDIO_SendCommand                         0x08002f8d   Thumb Code    38  stm32f10x_sdio.o(i.SDIO_SendCommand)
    SDIO_SetPowerState                       0x08002fb9   Thumb Code    22  stm32f10x_sdio.o(i.SDIO_SetPowerState)
    SD_EnableWideBusOperation                0x080030ad   Thumb Code   140  bsp_sdio_sdcard.o(i.SD_EnableWideBusOperation)
    SD_GetCardInfo                           0x08003141   Thumb Code   742  bsp_sdio_sdcard.o(i.SD_GetCardInfo)
    SD_GetState                              0x08003439   Thumb Code    26  bsp_sdio_sdcard.o(i.SD_GetState)
    SD_GetStatus                             0x08003453   Thumb Code    30  bsp_sdio_sdcard.o(i.SD_GetStatus)
    SD_Init                                  0x08003471   Thumb Code   102  bsp_sdio_sdcard.o(i.SD_Init)
    SD_InitializeCards                       0x080034e1   Thumb Code   294  bsp_sdio_sdcard.o(i.SD_InitializeCards)
    SD_PowerON                               0x0800361d   Thumb Code   374  bsp_sdio_sdcard.o(i.SD_PowerON)
    SD_ReadBlock                             0x080037a5   Thumb Code   192  bsp_sdio_sdcard.o(i.SD_ReadBlock)
    SD_ReadMultiBlocks                       0x08003881   Thumb Code   202  bsp_sdio_sdcard.o(i.SD_ReadMultiBlocks)
    SD_SelectDeselect                        0x08003969   Thumb Code    48  bsp_sdio_sdcard.o(i.SD_SelectDeselect)
    SD_SendStatus                            0x0800399d   Thumb Code    46  bsp_sdio_sdcard.o(i.SD_SendStatus)
    SD_WaitReadOperation                     0x080039d5   Thumb Code    42  bsp_sdio_sdcard.o(i.SD_WaitReadOperation)
    SD_WaitWriteOperation                    0x08003a09   Thumb Code    50  bsp_sdio_sdcard.o(i.SD_WaitWriteOperation)
    SD_WriteBlock                            0x08003a45   Thumb Code   190  bsp_sdio_sdcard.o(i.SD_WriteBlock)
    SD_WriteMultiBlocks                      0x08003b21   Thumb Code   294  bsp_sdio_sdcard.o(i.SD_WriteMultiBlocks)
    SPI_Cmd                                  0x08003c69   Thumb Code    24  stm32f10x_spi.o(i.SPI_Cmd)
    SPI_FLASH_BufferRead                     0x08003c81   Thumb Code    76  bsp_spi_flash.o(i.SPI_FLASH_BufferRead)
    SPI_FLASH_BufferWrite                    0x08003cd1   Thumb Code   290  bsp_spi_flash.o(i.SPI_FLASH_BufferWrite)
    SPI_FLASH_Init                           0x08003df5   Thumb Code   176  bsp_spi_flash.o(i.SPI_FLASH_Init)
    SPI_FLASH_PageWrite                      0x08003ead   Thumb Code    92  bsp_spi_flash.o(i.SPI_FLASH_PageWrite)
    SPI_FLASH_SectorErase                    0x08003f0d   Thumb Code    62  bsp_spi_flash.o(i.SPI_FLASH_SectorErase)
    SPI_FLASH_SendByte                       0x08003f51   Thumb Code    50  bsp_spi_flash.o(i.SPI_FLASH_SendByte)
    SPI_FLASH_WaitForWriteEnd                0x08003f89   Thumb Code    44  bsp_spi_flash.o(i.SPI_FLASH_WaitForWriteEnd)
    SPI_FLASH_WriteEnable                    0x08003fb9   Thumb Code    26  bsp_spi_flash.o(i.SPI_FLASH_WriteEnable)
    SPI_I2S_GetFlagStatus                    0x08003fd9   Thumb Code    18  stm32f10x_spi.o(i.SPI_I2S_GetFlagStatus)
    SPI_I2S_ReceiveData                      0x08003feb   Thumb Code     6  stm32f10x_spi.o(i.SPI_I2S_ReceiveData)
    SPI_I2S_SendData                         0x08003ff1   Thumb Code     4  stm32f10x_spi.o(i.SPI_I2S_SendData)
    SPI_Init                                 0x08003ff5   Thumb Code    60  stm32f10x_spi.o(i.SPI_Init)
    SVC_Handler                              0x08004031   Thumb Code     2  stm32f10x_it.o(i.SVC_Handler)
    SysTick_Handler                          0x08004119   Thumb Code     8  stm32f10x_it.o(i.SysTick_Handler)
    SysTick_Init                             0x08004121   Thumb Code   106  bsp_systick.o(i.SysTick_Init)
    SystemInit                               0x0800419d   Thumb Code    78  system_stm32f10x.o(i.SystemInit)
    Time_Adjust                              0x08004273   Thumb Code    38  bsp_rtc.o(i.Time_Adjust)
    Time_Display                             0x08004299   Thumb Code   204  bsp_rtc.o(i.Time_Display)
    Time_Regulate                            0x08004379   Thumb Code   238  bsp_rtc.o(i.Time_Regulate)
    Time_Show                                0x08004625   Thumb Code    52  bsp_rtc.o(i.Time_Show)
    TimingDelay_Decrement                    0x08004661   Thumb Code    18  bsp_systick.o(i.TimingDelay_Decrement)
    Touch_1                                  0x08004679   Thumb Code    90  bsp_touch.o(i.Touch_1)
    Touch_2                                  0x08004705   Thumb Code    78  bsp_touch.o(i.Touch_2)
    Touch_Calibrate                          0x08004775   Thumb Code   770  bsp_touch.o(i.Touch_Calibrate)
    Touch_GetAdXY                            0x08004ae1   Thumb Code    38  bsp_touch.o(i.Touch_GetAdXY)
    Touch_Init                               0x08004b07   Thumb Code     8  bsp_touch.o(i.Touch_Init)
    USART1_Config                            0x08004b11   Thumb Code   114  bsp_usart1.o(i.USART1_Config)
    USART2_Config                            0x08004b8d   Thumb Code   140  bsp_usart2.o(i.USART2_Config)
    USART2_printf                            0x08004c21   Thumb Code   262  bsp_usart2.o(i.USART2_printf)
    USART_Cmd                                0x08004d27   Thumb Code    24  stm32f10x_usart.o(i.USART_Cmd)
    USART_GetFlagStatus                      0x08004d3f   Thumb Code    26  stm32f10x_usart.o(i.USART_GetFlagStatus)
    USART_ITConfig                           0x08004d59   Thumb Code    74  stm32f10x_usart.o(i.USART_ITConfig)
    USART_Init                               0x08004da5   Thumb Code   210  stm32f10x_usart.o(i.USART_Init)
    USART_ReceiveData                        0x08004e7d   Thumb Code    10  stm32f10x_usart.o(i.USART_ReceiveData)
    USART_SendData                           0x08004f61   Thumb Code     8  stm32f10x_usart.o(i.USART_SendData)
    UsageFault_Handler                       0x08004f69   Thumb Code     4  stm32f10x_it.o(i.UsageFault_Handler)
    XPT2046_ReadAdc                          0x08004f6d   Thumb Code    16  bsp_touch.o(i.XPT2046_ReadAdc)
    __0printf$3                              0x08005049   Thumb Code    22  printf3.o(i.__0printf$3)
    __1printf$3                              0x08005049   Thumb Code     0  printf3.o(i.__0printf$3)
    __2printf                                0x08005049   Thumb Code     0  printf3.o(i.__0printf$3)
    __0sprintf$3                             0x08005069   Thumb Code    34  printf3.o(i.__0sprintf$3)
    __1sprintf$3                             0x08005069   Thumb Code     0  printf3.o(i.__0sprintf$3)
    __2sprintf                               0x08005069   Thumb Code     0  printf3.o(i.__0sprintf$3)
    __scatterload_copy                       0x08005091   Thumb Code    14  handlers.o(i.__scatterload_copy)
    __scatterload_null                       0x0800509f   Thumb Code     2  handlers.o(i.__scatterload_null)
    __scatterload_zeroinit                   0x080050a1   Thumb Code    14  handlers.o(i.__scatterload_zeroinit)
    clust2sect                               0x080056ad   Thumb Code    26  ff.o(i.clust2sect)
    disk_initialize                          0x08005eaf   Thumb Code    26  diskio.o(i.disk_initialize)
    disk_ioctl                               0x08005ec9   Thumb Code     6  diskio.o(i.disk_ioctl)
    disk_read                                0x08005ecf   Thumb Code    78  diskio.o(i.disk_read)
    disk_status                              0x08005f1d   Thumb Code     6  diskio.o(i.disk_status)
    disk_write                               0x08005f23   Thumb Code    78  diskio.o(i.disk_write)
    f_close                                  0x08005f71   Thumb Code    22  ff.o(i.f_close)
    f_lseek                                  0x08005f87   Thumb Code   432  ff.o(i.f_lseek)
    f_mount                                  0x08006139   Thumb Code    38  ff.o(i.f_mount)
    f_open                                   0x08006165   Thumb Code   368  ff.o(i.f_open)
    f_read                                   0x080062d5   Thumb Code   458  ff.o(i.f_read)
    f_sync                                   0x0800649f   Thumb Code   182  ff.o(i.f_sync)
    ff_convert                               0x08006555   Thumb Code   116  cc936.o(i.ff_convert)
    ff_wtoupper                              0x080065d1   Thumb Code    46  cc936.o(i.ff_wtoupper)
    fputc                                    0x08006729   Thumb Code    32  bsp_usart1.o(i.fputc)
    gen_numname                              0x0800674d   Thumb Code   190  ff.o(i.gen_numname)
    get_fat                                  0x0800680b   Thumb Code   228  ff.o(i.get_fat)
    get_fattime                              0x080068ef   Thumb Code     4  diskio.o(i.get_fattime)
    main                                     0x08006955   Thumb Code   468  main.o(i.main)
    mktimev                                  0x08006be9   Thumb Code   124  bsp_date.o(i.mktimev)
    oneMonthData                             0x08006cdb   Thumb Code    28  bsp_touch.o(i.oneMonthData)
    put_fat                                  0x08006cf7   Thumb Code   316  ff.o(i.put_fat)
    to_tm                                    0x08006f85   Thumb Code   194  bsp_date.o(i.to_tm)
    toch                                     0x08007051   Thumb Code   784  bsp_touch.o(i.toch)
    toch_1                                   0x080073e5   Thumb Code    64  bsp_touch.o(i.toch_1)
    toch_2                                   0x0800742d   Thumb Code   112  bsp_touch.o(i.toch_2)
    toch_return                              0x080074a5   Thumb Code    46  bsp_touch.o(i.toch_return)
    toch_sure                                0x080074dd   Thumb Code    72  bsp_touch.o(i.toch_sure)
    wifi_Config                              0x08007557   Thumb Code    20  wifi_config.o(i.wifi_Config)
    wifi_send                                0x0800756d   Thumb Code    68  main.o(i.wifi_send)
    asc2_1206                                0x080075f4   Data        1140  bsp_ili9341_lcd.o(.constdata)
    Region$$Table$$Base                      0x080327a8   Number         0  anon$$obj.o(Region$$Table)
    Region$$Table$$Limit                     0x080327c8   Number         0  anon$$obj.o(Region$$Table)
    SystemCoreClock                          0x20000000   Data           4  system_stm32f10x.o(.data)
    AHBPrescTable                            0x20000004   Data          16  system_stm32f10x.o(.data)
    time                                     0x20000028   Data           4  main.o(.data)
    touch_flag                               0x2000002c   Data           1  main.o(.data)
    aa                                       0x20000030   Data           4  main.o(.data)
    DHT11_Data                               0x20000034   Data           5  main.o(.data)
    ADC_ConvertedValueLocal                  0x2000003c   Data           4  main.o(.data)
    smokescope                               0x20000040   Data           4  main.o(.data)
    pm2_5                                    0x20000044   Data           4  main.o(.data)
    TouchFlag_return_1                       0x20000048   Data           1  main.o(.data)
    i                                        0x20000049   Data           1  main.o(.data)
    ADC_ConvertedValue                       0x20000054   Data           4  bsp_adc.o(.data)
    aa1                                      0x20000058   Data           8  bsp_touch.o(.data)
    bb1                                      0x20000060   Data           8  bsp_touch.o(.data)
    cc1                                      0x20000068   Data           8  bsp_touch.o(.data)
    aa2                                      0x20000070   Data           8  bsp_touch.o(.data)
    bb2                                      0x20000078   Data           8  bsp_touch.o(.data)
    cc2                                      0x20000080   Data           8  bsp_touch.o(.data)
    cal_p                                    0x20000088   Data          48  bsp_touch.o(.data)
    cal_flag                                 0x200000b8   Data           1  bsp_touch.o(.data)
    DisplaySample                            0x200000ba   Data          16  bsp_touch.o(.data)
    display                                  0x200000d6   Data           4  bsp_touch.o(.data)
    TimeDisplay                              0x200000dc   Data           4  bsp_rtc.o(.data)
    TimeDisPlay                              0x200000e0   Data           4  bsp_rtc.o(.data)
    WEEK_STR                                 0x200000e4   Data          28  bsp_rtc.o(.data)
    zodiac_sign                              0x20000100   Data          48  bsp_rtc.o(.data)
    StopCondition                            0x20000168   Data           4  bsp_sdio_sdcard.o(.data)
    TransferError                            0x2000016c   Data           1  bsp_sdio_sdcard.o(.data)
    TransferEnd                              0x20000170   Data           4  bsp_sdio_sdcard.o(.data)
    mystring                                 0x20000174   Data         512  bsp_sdfs_app.o(.data)
    mya                                      0x20000374   Data           4  bsp_sdfs_app.o(.data)
    mypath                                   0x20000378   Data         512  bsp_sdfs_app.o(.data)
    myres                                    0x20000578   Data           1  bsp_sdfs_app.o(.data)
    mybr                                     0x2000057c   Data           4  bsp_sdfs_app.o(.data)
    mybw                                     0x20000580   Data           4  bsp_sdfs_app.o(.data)
    __stdout                                 0x2000058c   Data           4  stdout.o(.data)
    systmtime                                0x20000590   Data          28  main.o(.bss)
    temperatureArray                         0x200005ac   Data         560  main.o(.bss)
    humidityArray                            0x200007dc   Data         560  main.o(.bss)
    smokeArray                               0x20000a0c   Data         560  main.o(.bss)
    PM2_5Array                               0x20000c3c   Data         560  main.o(.bss)
    monthtemp                                0x20000e6c   Data         120  main.o(.bss)
    monthhum                                 0x20000ee4   Data         120  main.o(.bss)
    monthsmoke                               0x20000f5c   Data         120  main.o(.bss)
    monthPM2_5                               0x20000fd4   Data         120  main.o(.bss)
    ScreenSample                             0x20001050   Data          16  bsp_touch.o(.bss)
    touch_para                               0x20001060   Data          56  bsp_touch.o(.bss)
    SDCardInfo                               0x200010c8   Data          80  bsp_sdio_sdcard.o(.bss)
    SDIO_InitStructure                       0x20001118   Data          24  bsp_sdio_sdcard.o(.bss)
    SDIO_CmdInitStructure                    0x20001130   Data          20  bsp_sdio_sdcard.o(.bss)
    SDIO_DataInitStructure                   0x20001144   Data          24  bsp_sdio_sdcard.o(.bss)
    myfs                                     0x2000115c   Data        1120  bsp_sdfs_app.o(.bss)
    myfsrc                                   0x200015bc   Data         548  bsp_sdfs_app.o(.bss)
    myfdst                                   0x200017e0   Data         548  bsp_sdfs_app.o(.bss)
    mybuffer                                 0x20001a04   Data         512  bsp_sdfs_app.o(.bss)
    my_latest_buffer                         0x20001c04   Data         512  bsp_sdfs_app.o(.bss)
    strEsp8266_Fram_Record                   0x20001e04   Data        1026  wifi_config.o(.bss)
    __initial_sp                             0x20002608   Data           0  startup_stm32f10x_hd.o(STACK)



==============================================================================

Memory Map of the image

  Image Entry point : 0x08000131

  Load Region LR_IROM1 (Base: 0x08000000, Size: 0x00032d58, Max: 0x00080000, ABSOLUTE, COMPRESSED[0x0003286c])

    Execution Region ER_IROM1 (Base: 0x08000000, Size: 0x000327c8, Max: 0x00080000, ABSOLUTE)

    Base Addr    Size         Type   Attr      Idx    E Section Name        Object

    0x08000000   0x00000130   Data   RO            3    RESET               startup_stm32f10x_hd.o
    0x08000130   0x00000000   Code   RO         4727  * .ARM.Collect$$$$00000000  mc_w.l(entry.o)
    0x08000130   0x00000004   Code   RO         5033    .ARM.Collect$$$$00000001  mc_w.l(entry2.o)
    0x08000134   0x00000004   Code   RO         5036    .ARM.Collect$$$$00000004  mc_w.l(entry5.o)
    0x08000138   0x00000000   Code   RO         5038    .ARM.Collect$$$$00000008  mc_w.l(entry7b.o)
    0x08000138   0x00000000   Code   RO         5040    .ARM.Collect$$$$0000000A  mc_w.l(entry8b.o)
    0x08000138   0x00000008   Code   RO         5041    .ARM.Collect$$$$0000000B  mc_w.l(entry9a.o)
    0x08000140   0x00000000   Code   RO         5043    .ARM.Collect$$$$0000000D  mc_w.l(entry10a.o)
    0x08000140   0x00000000   Code   RO         5045    .ARM.Collect$$$$0000000F  mc_w.l(entry11a.o)
    0x08000140   0x00000004   Code   RO         5034    .ARM.Collect$$$$00002712  mc_w.l(entry2.o)
    0x08000144   0x00000024   Code   RO            4    .text               startup_stm32f10x_hd.o
    0x08000168   0x00000024   Code   RO         4730    .text               mc_w.l(memcpya.o)
    0x0800018c   0x00000024   Code   RO         4732    .text               mc_w.l(memseta.o)
    0x080001b0   0x00000024   Code   RO         4734    .text               mc_w.l(strstr.o)
    0x080001d4   0x0000006c   Code   RO         5011    .text               mf_w.l(fmul.o)
    0x08000240   0x00000080   Code   RO         5013    .text               mf_w.l(fdiv.o)
    0x080002c0   0x0000014e   Code   RO         5015    .text               mf_w.l(dadd.o)
    0x0800040e   0x000000e4   Code   RO         5017    .text               mf_w.l(dmul.o)
    0x080004f2   0x000000de   Code   RO         5019    .text               mf_w.l(ddiv.o)
    0x080005d0   0x0000000a   Code   RO         5021    .text               mf_w.l(ffltui.o)
    0x080005da   0x00000022   Code   RO         5023    .text               mf_w.l(dflti.o)
    0x080005fc   0x0000001a   Code   RO         5025    .text               mf_w.l(dfltui.o)
    0x08000616   0x00000028   Code   RO         5027    .text               mf_w.l(ffixui.o)
    0x0800063e   0x00000032   Code   RO         5029    .text               mf_w.l(dfixui.o)
    0x08000670   0x00000028   Code   RO         5031    .text               mf_w.l(cdcmple.o)
    0x08000698   0x0000002c   Code   RO         5049    .text               mc_w.l(uidiv.o)
    0x080006c4   0x0000001e   Code   RO         5053    .text               mc_w.l(llshl.o)
    0x080006e2   0x00000020   Code   RO         5055    .text               mc_w.l(llushr.o)
    0x08000702   0x00000024   Code   RO         5057    .text               mc_w.l(llsshr.o)
    0x08000726   0x00000000   Code   RO         5061    .text               mc_w.l(iusefp.o)
    0x08000726   0x0000006c   Code   RO         5062    .text               mf_w.l(fepilogue.o)
    0x08000792   0x000000be   Code   RO         5064    .text               mf_w.l(depilogue.o)
    0x08000850   0x00000024   Code   RO         5070    .text               mc_w.l(init.o)
    0x08000874   0x0000005c   Code   RO         5094    .text               mc_w.l(__dczerorl2.o)
    0x080008d0   0x00000030   Code   RO         3504    i.ADC1_GPIO_Config  bsp_adc.o
    0x08000900   0x0000000c   Code   RO         3505    i.ADC1_Init         bsp_adc.o
    0x0800090c   0x000000ec   Code   RO         3506    i.ADC1_Mode_Config  bsp_adc.o
    0x080009f8   0x00000016   Code   RO          156    i.ADC_Cmd           stm32f10x_adc.o
    0x08000a0e   0x00000016   Code   RO          157    i.ADC_DMACmd        stm32f10x_adc.o
    0x08000a24   0x00000014   Code   RO          164    i.ADC_GetCalibrationStatus  stm32f10x_adc.o
    0x08000a38   0x00000014   Code   RO          170    i.ADC_GetResetCalibrationStatus  stm32f10x_adc.o
    0x08000a4c   0x00000050   Code   RO          174    i.ADC_Init          stm32f10x_adc.o
    0x08000a9c   0x000000b8   Code   RO          178    i.ADC_RegularChannelConfig  stm32f10x_adc.o
    0x08000b54   0x0000000a   Code   RO          179    i.ADC_ResetCalibration  stm32f10x_adc.o
    0x08000b5e   0x00000016   Code   RO          181    i.ADC_SoftwareStartConvCmd  stm32f10x_adc.o
    0x08000b74   0x0000000a   Code   RO          183    i.ADC_StartCalibration  stm32f10x_adc.o
    0x08000b7e   0x00000010   Code   RO          374    i.BKP_DeInit        stm32f10x_bkp.o
    0x08000b8e   0x00000002   PAD
    0x08000b90   0x0000001c   Code   RO          379    i.BKP_ReadBackupRegister  stm32f10x_bkp.o
    0x08000bac   0x0000001c   Code   RO          383    i.BKP_WriteBackupRegister  stm32f10x_bkp.o
    0x08000bc8   0x00000004   Code   RO         3191    i.BusFault_Handler  stm32f10x_it.o
    0x08000bcc   0x00000164   Code   RO         3566    i.Cal_touch_para    bsp_touch.o
    0x08000d30   0x0000002c   Code   RO         3844    i.CmdError          bsp_sdio_sdcard.o
    0x08000d5c   0x00000028   Code   RO         3845    i.CmdResp1Error     bsp_sdio_sdcard.o
    0x08000d84   0x00000048   Code   RO         3846    i.CmdResp2Error     bsp_sdio_sdcard.o
    0x08000dcc   0x00000038   Code   RO         3847    i.CmdResp3Error     bsp_sdio_sdcard.o
    0x08000e04   0x0000009c   Code   RO         3848    i.CmdResp6Error     bsp_sdio_sdcard.o
    0x08000ea0   0x0000004c   Code   RO         3849    i.CmdResp7Error     bsp_sdio_sdcard.o
    0x08000eec   0x00000038   Code   RO         3327    i.DHT11_GPIO_Config  bsp_dht11.o
    0x08000f24   0x00000020   Code   RO         3328    i.DHT11_Mode_IPU    bsp_dht11.o
    0x08000f44   0x00000024   Code   RO         3329    i.DHT11_Mode_Out_PP  bsp_dht11.o
    0x08000f68   0x0000001c   Code   RO          854    i.DMA_ClearFlag     stm32f10x_dma.o
    0x08000f84   0x00000018   Code   RO          856    i.DMA_Cmd           stm32f10x_dma.o
    0x08000f9c   0x0000014c   Code   RO          857    i.DMA_DeInit        stm32f10x_dma.o
    0x080010e8   0x0000002c   Code   RO          859    i.DMA_GetFlagStatus  stm32f10x_dma.o
    0x08001114   0x0000003c   Code   RO          862    i.DMA_Init          stm32f10x_dma.o
    0x08001150   0x00000002   Code   RO         3192    i.DebugMon_Handler  stm32f10x_it.o
    0x08001152   0x00000020   Code   RO         3567    i.DelayUS           bsp_touch.o
    0x08001172   0x00000002   PAD
    0x08001174   0x00000028   Code   RO         3273    i.Delay_us          bsp_systick.o
    0x0800119c   0x00000034   Code   RO         3568    i.DrawCross         bsp_touch.o
    0x080011d0   0x000000bc   Code   RO         4291    i.ESP8266_Cmd       wifi_function.o
    0x0800128c   0x0000005c   Code   RO         4292    i.ESP8266_Enable_MultipleId  wifi_function.o
    0x080012e8   0x000000c0   Code   RO         4294    i.ESP8266_Link_Server  wifi_function.o
    0x080013a8   0x00000078   Code   RO         4295    i.ESP8266_Net_Mode_Choose  wifi_function.o
    0x08001420   0x0000002c   Code   RO         4300    i.ESP8266_Sendshu   wifi_function.o
    0x0800144c   0x00000068   Code   RO         4303    i.ESP8266_UnvarnishSend  wifi_function.o
    0x080014b4   0x00000020   Code   RO         3194    i.EXTI9_5_IRQHandler  stm32f10x_it.o
    0x080014d4   0x0000000c   Code   RO          927    i.EXTI_ClearITPendingBit  stm32f10x_exti.o
    0x080014e0   0x00000028   Code   RO          931    i.EXTI_GetITStatus  stm32f10x_exti.o
    0x08001508   0x00000094   Code   RO          932    i.EXTI_Init         stm32f10x_exti.o
    0x0800159c   0x00000034   Code   RO         1168    i.FSMC_NORSRAMCmd   stm32f10x_fsmc.o
    0x080015d0   0x000000e0   Code   RO         1170    i.FSMC_NORSRAMInit  stm32f10x_fsmc.o
    0x080016b0   0x00000198   Code   RO         3850    i.FindSCR           bsp_sdio_sdcard.o
    0x08001848   0x00000050   Code   RO         3851    i.GPIO_Configuration  bsp_sdio_sdcard.o
    0x08001898   0x00000040   Code   RO         1280    i.GPIO_EXTILineConfig  stm32f10x_gpio.o
    0x080018d8   0x00000112   Code   RO         1283    i.GPIO_Init         stm32f10x_gpio.o
    0x080019ea   0x00000012   Code   RO         1287    i.GPIO_ReadInputDataBit  stm32f10x_gpio.o
    0x080019fc   0x00000004   Code   RO         1290    i.GPIO_ResetBits    stm32f10x_gpio.o
    0x08001a00   0x00000084   Code   RO         3541    i.GPIO_SPI_Config   bsp_gpio_spi.o
    0x08001a84   0x00000004   Code   RO         1291    i.GPIO_SetBits      stm32f10x_gpio.o
    0x08001a88   0x00000088   Code   RO         4072    i.GetGBKCode_from_sd  bsp_sdfs_app.o
    0x08001b10   0x000000f8   Code   RO         3569    i.Get_touch_point   bsp_touch.o
    0x08001c08   0x00000098   Code   RO         3764    i.GregorianDay      bsp_date.o
    0x08001ca0   0x00000004   Code   RO         3195    i.HardFault_Handler  stm32f10x_it.o
    0x08001ca4   0x00000070   Code   RO         3363    i.LCD_Clear         bsp_ili9341_lcd.o
    0x08001d14   0x00000068   Code   RO         3364    i.LCD_DisNum        bsp_ili9341_lcd.o
    0x08001d7c   0x00000086   Code   RO         3365    i.LCD_DispCH        bsp_ili9341_lcd.o
    0x08001e02   0x00000002   PAD
    0x08001e04   0x00000070   Code   RO         3366    i.LCD_DispChar      bsp_ili9341_lcd.o
    0x08001e74   0x00000072   Code   RO         3367    i.LCD_DispEnCh      bsp_ili9341_lcd.o
    0x08001ee6   0x0000003c   Code   RO         3368    i.LCD_DispStr       bsp_ili9341_lcd.o
    0x08001f22   0x00000042   Code   RO         3369    i.LCD_DispStrCH     bsp_ili9341_lcd.o
    0x08001f64   0x000000be   Code   RO         3370    i.LCD_Dispgraphic   bsp_ili9341_lcd.o
    0x08002022   0x0000005e   Code   RO         3371    i.LCD_FSMC_Config   bsp_ili9341_lcd.o
    0x08002080   0x000000c0   Code   RO         3372    i.LCD_GPIO_Config   bsp_ili9341_lcd.o
    0x08002140   0x00000014   Code   RO         3374    i.LCD_Init          bsp_ili9341_lcd.o
    0x08002154   0x00000050   Code   RO         3375    i.LCD_OpenWindow    bsp_ili9341_lcd.o
    0x080021a4   0x00000214   Code   RO         3377    i.LCD_REG_Config    bsp_ili9341_lcd.o
    0x080023b8   0x0000002c   Code   RO         3378    i.LCD_Rst           bsp_ili9341_lcd.o
    0x080023e4   0x000000f8   Code   RO         3108    i.LCD_Show          main.o
    0x080024dc   0x00000012   Code   RO         3381    i.Lcd_Delay         bsp_ili9341_lcd.o
    0x080024ee   0x00000126   Code   RO         3382    i.Lcd_GramScan      bsp_ili9341_lcd.o
    0x08002614   0x00000004   Code   RO         3196    i.MemManage_Handler  stm32f10x_it.o
    0x08002618   0x00000002   Code   RO         3197    i.NMI_Handler       stm32f10x_it.o
    0x0800261a   0x00000002   PAD
    0x0800261c   0x00000074   Code   RO          110    i.NVIC_Init         misc.o
    0x08002690   0x00000014   Code   RO          111    i.NVIC_PriorityGroupConfig  misc.o
    0x080026a4   0x00000048   Code   RO         3507    i.PM2_5             bsp_adc.o
    0x080026ec   0x00000034   Code   RO         3508    i.PM2_5_GPIO_INIT   bsp_adc.o
    0x08002720   0x0000000c   Code   RO         1643    i.PWR_BackupAccessCmd  stm32f10x_pwr.o
    0x0800272c   0x00000002   Code   RO         3198    i.PendSV_Handler    stm32f10x_it.o
    0x0800272e   0x00000002   PAD
    0x08002730   0x00000018   Code   RO         1703    i.RCC_ADCCLKConfig  stm32f10x_rcc.o
    0x08002748   0x00000020   Code   RO         1704    i.RCC_AHBPeriphClockCmd  stm32f10x_rcc.o
    0x08002768   0x00000020   Code   RO         1705    i.RCC_APB1PeriphClockCmd  stm32f10x_rcc.o
    0x08002788   0x00000020   Code   RO         1707    i.RCC_APB2PeriphClockCmd  stm32f10x_rcc.o
    0x080027a8   0x0000000c   Code   RO         1710    i.RCC_BackupResetCmd  stm32f10x_rcc.o
    0x080027b4   0x00000014   Code   RO         1711    i.RCC_ClearFlag     stm32f10x_rcc.o
    0x080027c8   0x000000d4   Code   RO         1715    i.RCC_GetClocksFreq  stm32f10x_rcc.o
    0x0800289c   0x0000003c   Code   RO         1716    i.RCC_GetFlagStatus  stm32f10x_rcc.o
    0x080028d8   0x00000034   Code   RO         1723    i.RCC_LSEConfig     stm32f10x_rcc.o
    0x0800290c   0x0000000c   Code   RO         1730    i.RCC_RTCCLKCmd     stm32f10x_rcc.o
    0x08002918   0x00000010   Code   RO         1731    i.RCC_RTCCLKConfig  stm32f10x_rcc.o
    0x08002928   0x0000004c   Code   RO         3701    i.RTC_CheckAndConfig  bsp_rtc.o
    0x08002974   0x00000010   Code   RO         1904    i.RTC_ClearITPendingBit  stm32f10x_rtc.o
    0x08002984   0x00000058   Code   RO         3702    i.RTC_Configuration  bsp_rtc.o
    0x080029dc   0x00000014   Code   RO         1905    i.RTC_EnterConfigMode  stm32f10x_rtc.o
    0x080029f0   0x00000014   Code   RO         1906    i.RTC_ExitConfigMode  stm32f10x_rtc.o
    0x08002a04   0x00000014   Code   RO         1907    i.RTC_GetCounter    stm32f10x_rtc.o
    0x08002a18   0x00000024   Code   RO         1910    i.RTC_GetITStatus   stm32f10x_rtc.o
    0x08002a3c   0x00000020   Code   RO         3199    i.RTC_IRQHandler    stm32f10x_it.o
    0x08002a5c   0x00000020   Code   RO         1911    i.RTC_ITConfig      stm32f10x_rtc.o
    0x08002a7c   0x0000002a   Code   RO         3703    i.RTC_NVIC_Config   bsp_rtc.o
    0x08002aa6   0x00000002   PAD
    0x08002aa8   0x0000001c   Code   RO         1913    i.RTC_SetCounter    stm32f10x_rtc.o
    0x08002ac4   0x00000020   Code   RO         1914    i.RTC_SetPrescaler  stm32f10x_rtc.o
    0x08002ae4   0x00000014   Code   RO         1915    i.RTC_WaitForLastTask  stm32f10x_rtc.o
    0x08002af8   0x00000020   Code   RO         1916    i.RTC_WaitForSynchro  stm32f10x_rtc.o
    0x08002b18   0x0000012c   Code   RO         3571    i.Read_2046_2       bsp_touch.o
    0x08002c44   0x00000064   Code   RO         3330    i.Read_Byte         bsp_dht11.o
    0x08002ca8   0x000000ac   Code   RO         3331    i.Read_DHT11        bsp_dht11.o
    0x08002d54   0x00000118   Code   RO         3853    i.SDEnWideBus       bsp_sdio_sdcard.o
    0x08002e6c   0x0000000c   Code   RO         1994    i.SDIO_ClearFlag    stm32f10x_sdio.o
    0x08002e78   0x0000000c   Code   RO         1996    i.SDIO_ClockCmd     stm32f10x_sdio.o
    0x08002e84   0x0000000c   Code   RO         1999    i.SDIO_DMACmd       stm32f10x_sdio.o
    0x08002e90   0x00000030   Code   RO         2000    i.SDIO_DataConfig   stm32f10x_sdio.o
    0x08002ec0   0x00000024   Code   RO         2002    i.SDIO_DeInit       stm32f10x_sdio.o
    0x08002ee4   0x0000000c   Code   RO         2003    i.SDIO_GetCommandResponse  stm32f10x_sdio.o
    0x08002ef0   0x00000018   Code   RO         2006    i.SDIO_GetFlagStatus  stm32f10x_sdio.o
    0x08002f08   0x00000010   Code   RO         2008    i.SDIO_GetPowerState  stm32f10x_sdio.o
    0x08002f18   0x00000018   Code   RO         2009    i.SDIO_GetResponse  stm32f10x_sdio.o
    0x08002f30   0x00000020   Code   RO         2010    i.SDIO_ITConfig     stm32f10x_sdio.o
    0x08002f50   0x00000030   Code   RO         2011    i.SDIO_Init         stm32f10x_sdio.o
    0x08002f80   0x0000000c   Code   RO         2012    i.SDIO_ReadData     stm32f10x_sdio.o
    0x08002f8c   0x0000002c   Code   RO         2014    i.SDIO_SendCommand  stm32f10x_sdio.o
    0x08002fb8   0x0000001c   Code   RO         2016    i.SDIO_SetPowerState  stm32f10x_sdio.o
    0x08002fd4   0x00000010   Code   RO         3855    i.SD_DMAEndOfTransferStatus  bsp_sdio_sdcard.o
    0x08002fe4   0x00000064   Code   RO         3856    i.SD_DMA_RxConfig   bsp_sdio_sdcard.o
    0x08003048   0x00000064   Code   RO         3857    i.SD_DMA_TxConfig   bsp_sdio_sdcard.o
    0x080030ac   0x00000094   Code   RO         3859    i.SD_EnableWideBusOperation  bsp_sdio_sdcard.o
    0x08003140   0x000002f8   Code   RO         3861    i.SD_GetCardInfo    bsp_sdio_sdcard.o
    0x08003438   0x0000001a   Code   RO         3863    i.SD_GetState       bsp_sdio_sdcard.o
    0x08003452   0x0000001e   Code   RO         3864    i.SD_GetStatus      bsp_sdio_sdcard.o
    0x08003470   0x00000070   Code   RO         3866    i.SD_Init           bsp_sdio_sdcard.o
    0x080034e0   0x0000013c   Code   RO         3867    i.SD_InitializeCards  bsp_sdio_sdcard.o
    0x0800361c   0x00000188   Code   RO         3869    i.SD_PowerON        bsp_sdio_sdcard.o
    0x080037a4   0x000000dc   Code   RO         3871    i.SD_ReadBlock      bsp_sdio_sdcard.o
    0x08003880   0x000000e8   Code   RO         3872    i.SD_ReadMultiBlocks  bsp_sdio_sdcard.o
    0x08003968   0x00000034   Code   RO         3873    i.SD_SelectDeselect  bsp_sdio_sdcard.o
    0x0800399c   0x00000038   Code   RO         3875    i.SD_SendStatus     bsp_sdio_sdcard.o
    0x080039d4   0x00000034   Code   RO         3877    i.SD_WaitReadOperation  bsp_sdio_sdcard.o
    0x08003a08   0x0000003c   Code   RO         3878    i.SD_WaitWriteOperation  bsp_sdio_sdcard.o
    0x08003a44   0x000000dc   Code   RO         3879    i.SD_WriteBlock     bsp_sdio_sdcard.o
    0x08003b20   0x00000148   Code   RO         3880    i.SD_WriteMultiBlocks  bsp_sdio_sdcard.o
    0x08003c68   0x00000018   Code   RO         2184    i.SPI_Cmd           stm32f10x_spi.o
    0x08003c80   0x00000050   Code   RO         4127    i.SPI_FLASH_BufferRead  bsp_spi_flash.o
    0x08003cd0   0x00000122   Code   RO         4128    i.SPI_FLASH_BufferWrite  bsp_spi_flash.o
    0x08003df2   0x00000002   PAD
    0x08003df4   0x000000b8   Code   RO         4130    i.SPI_FLASH_Init    bsp_spi_flash.o
    0x08003eac   0x00000060   Code   RO         4131    i.SPI_FLASH_PageWrite  bsp_spi_flash.o
    0x08003f0c   0x00000044   Code   RO         4135    i.SPI_FLASH_SectorErase  bsp_spi_flash.o
    0x08003f50   0x00000038   Code   RO         4136    i.SPI_FLASH_SendByte  bsp_spi_flash.o
    0x08003f88   0x00000030   Code   RO         4139    i.SPI_FLASH_WaitForWriteEnd  bsp_spi_flash.o
    0x08003fb8   0x00000020   Code   RO         4140    i.SPI_FLASH_WriteEnable  bsp_spi_flash.o
    0x08003fd8   0x00000012   Code   RO         2192    i.SPI_I2S_GetFlagStatus  stm32f10x_spi.o
    0x08003fea   0x00000006   Code   RO         2195    i.SPI_I2S_ReceiveData  stm32f10x_spi.o
    0x08003ff0   0x00000004   Code   RO         2196    i.SPI_I2S_SendData  stm32f10x_spi.o
    0x08003ff4   0x0000003c   Code   RO         2197    i.SPI_Init          stm32f10x_spi.o
    0x08004030   0x00000002   Code   RO         3200    i.SVC_Handler       stm32f10x_it.o
    0x08004032   0x00000008   Code   RO           24    i.SetSysClock       system_stm32f10x.o
    0x0800403a   0x00000002   PAD
    0x0800403c   0x000000dc   Code   RO           25    i.SetSysClockTo72   system_stm32f10x.o
    0x08004118   0x00000008   Code   RO         3201    i.SysTick_Handler   stm32f10x_it.o
    0x08004120   0x0000007c   Code   RO         3274    i.SysTick_Init      bsp_systick.o
    0x0800419c   0x00000060   Code   RO           27    i.SystemInit        system_stm32f10x.o
    0x080041fc   0x00000050   Code   RO         3542    i.TP_INT_GPIO_Config  bsp_gpio_spi.o
    0x0800424c   0x00000026   Code   RO         3543    i.TP_INT_NVIC_Config  bsp_gpio_spi.o
    0x08004272   0x00000026   Code   RO         3704    i.Time_Adjust       bsp_rtc.o
    0x08004298   0x000000e0   Code   RO         3705    i.Time_Display      bsp_rtc.o
    0x08004378   0x000002ac   Code   RO         3706    i.Time_Regulate     bsp_rtc.o
    0x08004624   0x0000003c   Code   RO         3707    i.Time_Show         bsp_rtc.o
    0x08004660   0x00000018   Code   RO         3275    i.TimingDelay_Decrement  bsp_systick.o
    0x08004678   0x0000008c   Code   RO         3572    i.Touch_1           bsp_touch.o
    0x08004704   0x00000070   Code   RO         3573    i.Touch_2           bsp_touch.o
    0x08004774   0x0000036c   Code   RO         3574    i.Touch_Calibrate   bsp_touch.o
    0x08004ae0   0x00000026   Code   RO         3575    i.Touch_GetAdXY     bsp_touch.o
    0x08004b06   0x00000008   Code   RO         3576    i.Touch_Init        bsp_touch.o
    0x08004b0e   0x00000002   PAD
    0x08004b10   0x0000007c   Code   RO         3303    i.USART1_Config     bsp_usart1.o
    0x08004b8c   0x00000094   Code   RO         4415    i.USART2_Config     bsp_usart2.o
    0x08004c20   0x00000106   Code   RO         4416    i.USART2_printf     bsp_usart2.o
    0x08004d26   0x00000018   Code   RO         2875    i.USART_Cmd         stm32f10x_usart.o
    0x08004d3e   0x0000001a   Code   RO         2878    i.USART_GetFlagStatus  stm32f10x_usart.o
    0x08004d58   0x0000004a   Code   RO         2881    i.USART_ITConfig    stm32f10x_usart.o
    0x08004da2   0x00000002   PAD
    0x08004da4   0x000000d8   Code   RO         2882    i.USART_Init        stm32f10x_usart.o
    0x08004e7c   0x0000000a   Code   RO         2889    i.USART_ReceiveData  stm32f10x_usart.o
    0x08004e86   0x00000002   PAD
    0x08004e88   0x000000d8   Code   RO         3708    i.USART_Scanf       bsp_rtc.o
    0x08004f60   0x00000008   Code   RO         2892    i.USART_SendData    stm32f10x_usart.o
    0x08004f68   0x00000004   Code   RO         3202    i.UsageFault_Handler  stm32f10x_it.o
    0x08004f6c   0x00000010   Code   RO         3577    i.XPT2046_ReadAdc   bsp_touch.o
    0x08004f7c   0x00000060   Code   RO         3578    i.XPT2046_ReadCMD   bsp_touch.o
    0x08004fdc   0x0000006c   Code   RO         3579    i.XPT2046_WriteCMD  bsp_touch.o
    0x08005048   0x00000020   Code   RO         4835    i.__0printf$3       mc_w.l(printf3.o)
    0x08005068   0x00000028   Code   RO         4837    i.__0sprintf$3      mc_w.l(printf3.o)
    0x08005090   0x0000000e   Code   RO         5088    i.__scatterload_copy  mc_w.l(handlers.o)
    0x0800509e   0x00000002   Code   RO         5089    i.__scatterload_null  mc_w.l(handlers.o)
    0x080050a0   0x0000000e   Code   RO         5090    i.__scatterload_zeroinit  mc_w.l(handlers.o)
    0x080050ae   0x00000002   PAD
    0x080050b0   0x000001b8   Code   RO         4842    i._printf_core      mc_w.l(printf3.o)
    0x08005268   0x0000000a   Code   RO         4844    i._sputc            mc_w.l(printf3.o)
    0x08005272   0x00000002   PAD
    0x08005274   0x00000090   Code   RO         4445    i.check_fs          ff.o
    0x08005304   0x00000014   Code   RO         4446    i.chk_chr           ff.o
    0x08005318   0x00000394   Code   RO         4447    i.chk_mounted       ff.o
    0x080056ac   0x0000001a   Code   RO         4448    i.clust2sect        ff.o
    0x080056c6   0x00000002   PAD
    0x080056c8   0x00000090   Code   RO         4449    i.cmp_lfn           ff.o
    0x08005758   0x000000ca   Code   RO         4450    i.create_chain      ff.o
    0x08005822   0x00000002   PAD
    0x08005824   0x00000270   Code   RO         4451    i.create_name       ff.o
    0x08005a94   0x000000de   Code   RO         4452    i.dir_find          ff.o
    0x08005b72   0x00000114   Code   RO         4453    i.dir_next          ff.o
    0x08005c86   0x0000018c   Code   RO         4455    i.dir_register      ff.o
    0x08005e12   0x0000009c   Code   RO         4456    i.dir_sdi           ff.o
    0x08005eae   0x0000001a   Code   RO         4647    i.disk_initialize   diskio.o
    0x08005ec8   0x00000006   Code   RO         4648    i.disk_ioctl        diskio.o
    0x08005ece   0x0000004e   Code   RO         4649    i.disk_read         diskio.o
    0x08005f1c   0x00000006   Code   RO         4650    i.disk_status       diskio.o
    0x08005f22   0x0000004e   Code   RO         4651    i.disk_write        diskio.o
    0x08005f70   0x00000016   Code   RO         4457    i.f_close           ff.o
    0x08005f86   0x000001b0   Code   RO         4458    i.f_lseek           ff.o
    0x08006136   0x00000002   PAD
    0x08006138   0x0000002c   Code   RO         4459    i.f_mount           ff.o
    0x08006164   0x00000170   Code   RO         4460    i.f_open            ff.o
    0x080062d4   0x000001ca   Code   RO         4462    i.f_read            ff.o
    0x0800649e   0x000000b6   Code   RO         4464    i.f_sync            ff.o
    0x08006554   0x0000007c   Code   RO         4698    i.ff_convert        cc936.o
    0x080065d0   0x00000038   Code   RO         4699    i.ff_wtoupper       cc936.o
    0x08006608   0x00000080   Code   RO         4466    i.fit_lfn           ff.o
    0x08006688   0x0000009e   Code   RO         4467    i.follow_path       ff.o
    0x08006726   0x00000002   PAD
    0x08006728   0x00000024   Code   RO         3305    i.fputc             bsp_usart1.o
    0x0800674c   0x000000be   Code   RO         4468    i.gen_numname       ff.o
    0x0800680a   0x000000e4   Code   RO         4469    i.get_fat           ff.o
    0x080068ee   0x00000004   Code   RO         4652    i.get_fattime       diskio.o
    0x080068f2   0x00000062   Code   RO         4417    i.itoa              bsp_usart2.o
    0x08006954   0x00000240   Code   RO         3109    i.main              main.o
    0x08006b94   0x00000026   Code   RO         4471    i.mem_cmp           ff.o
    0x08006bba   0x0000001a   Code   RO         4472    i.mem_cpy           ff.o
    0x08006bd4   0x00000014   Code   RO         4473    i.mem_set           ff.o
    0x08006be8   0x00000080   Code   RO         3765    i.mktimev           bsp_date.o
    0x08006c68   0x00000072   Code   RO         4474    i.move_window       ff.o
    0x08006cda   0x0000001c   Code   RO         3580    i.oneMonthData      bsp_touch.o
    0x08006cf6   0x0000013c   Code   RO         4476    i.put_fat           ff.o
    0x08006e32   0x00000068   Code   RO         4477    i.remove_chain      ff.o
    0x08006e9a   0x00000020   Code   RO         4478    i.sum_sfn           ff.o
    0x08006eba   0x000000ca   Code   RO         4479    i.sync              ff.o
    0x08006f84   0x000000cc   Code   RO         3766    i.to_tm             bsp_date.o
    0x08007050   0x00000394   Code   RO         3581    i.toch              bsp_touch.o
    0x080073e4   0x00000048   Code   RO         3582    i.toch_1            bsp_touch.o
    0x0800742c   0x00000078   Code   RO         3583    i.toch_2            bsp_touch.o
    0x080074a4   0x00000038   Code   RO         3584    i.toch_return       bsp_touch.o
    0x080074dc   0x00000050   Code   RO         3585    i.toch_sure         bsp_touch.o
    0x0800752c   0x0000002a   Code   RO         4480    i.validate          ff.o
    0x08007556   0x00000014   Code   RO         4249    i.wifi_Config       wifi_config.o
    0x0800756a   0x00000002   PAD
    0x0800756c   0x00000088   Code   RO         3110    i.wifi_send         main.o
    0x080075f4   0x00000474   Data   RO         3383    .constdata          bsp_ili9341_lcd.o
    0x08007a68   0x00000030   Data   RO         3767    .constdata          bsp_date.o
    0x08007a98   0x0000000d   Data   RO         4481    .constdata          ff.o
    0x08007aa5   0x00000001   PAD
    0x08007aa6   0x0002acc8   Data   RO         4700    .constdata          cc936.o
    0x0803276e   0x00000039   Data   RO         3709    .conststring        bsp_rtc.o
    0x080327a7   0x00000001   PAD
    0x080327a8   0x00000020   Data   RO         5086    Region$$Table       anon$$obj.o


    Execution Region RW_IRAM1 (Base: 0x20000000, Size: 0x00002608, Max: 0x00010000, ABSOLUTE, COMPRESSED[0x000000a4])

    Base Addr    Size         Type   Attr      Idx    E Section Name        Object

    0x20000000   0x00000014   Data   RW           28    .data               system_stm32f10x.o
    0x20000014   0x00000014   Data   RW         1735    .data               stm32f10x_rcc.o
    0x20000028   0x00000022   Data   RW         3112    .data               main.o
    0x2000004a   0x00000002   PAD
    0x2000004c   0x00000004   Data   RW         3276    .data               bsp_systick.o
    0x20000050   0x00000008   Data   RW         3509    .data               bsp_adc.o
    0x20000058   0x00000082   Data   RW         3587    .data               bsp_touch.o
    0x200000da   0x00000002   PAD
    0x200000dc   0x00000054   Data   RW         3710    .data               bsp_rtc.o
    0x20000130   0x00000030   Data   RW         3768    .data               bsp_date.o
    0x20000160   0x00000014   Data   RW         3883    .data               bsp_sdio_sdcard.o
    0x20000174   0x00000410   Data   RW         4079    .data               bsp_sdfs_app.o
    0x20000584   0x00000006   Data   RW         4482    .data               ff.o
    0x2000058a   0x00000002   PAD
    0x2000058c   0x00000004   Data   RW         5048    .data               mc_w.l(stdout.o)
    0x20000590   0x00000abc   Zero   RW         3111    .bss                main.o
    0x2000104c   0x00000004   PAD
    0x20001050   0x00000048   Zero   RW         3586    .bss                bsp_touch.o
    0x20001098   0x000000c4   Zero   RW         3882    .bss                bsp_sdio_sdcard.o
    0x2000115c   0x00000ca8   Zero   RW         4078    .bss                bsp_sdfs_app.o
    0x20001e04   0x00000402   Zero   RW         4251    .bss                wifi_config.o
    0x20002206   0x00000002   PAD
    0x20002208   0x00000400   Zero   RW            1    STACK               startup_stm32f10x_hd.o


==============================================================================

Image component sizes


      Code (inc. data)   RO Data    RW Data    ZI Data      Debug   Object Name

       420         38          0          8          0       2751   bsp_adc.o
       484         20         48         48          0       2245   bsp_date.o
       396         24          0          0          0       3309   bsp_dht11.o
       250         12          0          0          0       1414   bsp_gpio_spi.o
      2166         36       1140          0          0      11538   bsp_ili9341_lcd.o
      1428        580         57         84          0       5107   bsp_rtc.o
       136         32          0       1040       3240       4256   bsp_sdfs_app.o
      4432        328          0         20        196      26584   bsp_sdio_sdcard.o
       854         38          0          0          0       5335   bsp_spi_flash.o
       188         28          0          4          0      16925   bsp_systick.o
      3654        390          0        130         72      14275   bsp_touch.o
       160         14          0          0          0       1044   bsp_usart1.o
       508          8          0          0          0       3020   bsp_usart2.o
       180         18     175304          0          0       2259   cc936.o
         0          0          0          0          0       4212   core_cm3.o
       198          0          0          0          0      10480   diskio.o
      6230         62         13          6          0      24324   ff.o
       960        244          0         34       2748       5509   main.o
       136         24          0          0          0       1363   misc.o
        36          8        304          0       1024        796   startup_stm32f10x_hd.o
       390         10          0          0          0       6765   stm32f10x_adc.o
        72         10          0          0          0       2452   stm32f10x_bkp.o
       488         28          0          0          0       4198   stm32f10x_dma.o
       200         18          0          0          0       1868   stm32f10x_exti.o
       276          6          0          0          0       1641   stm32f10x_fsmc.o
       364          4          0          0          0       3910   stm32f10x_gpio.o
        96         10          0          0          0       4208   stm32f10x_it.o
        12          6          0          0          0        454   stm32f10x_pwr.o
       504         78          0         20          0       7961   stm32f10x_rcc.o
       256         48          0          0          0       4544   stm32f10x_rtc.o
       360         80          0          0          0       8270   stm32f10x_sdio.o
       112          0          0          0          0       3466   stm32f10x_spi.o
       358          6          0          0          0       4957   stm32f10x_usart.o
       324         26          0         20          0     274617   system_stm32f10x.o
        20          0          0          0       1026       1603   wifi_config.o
       740        264          0          0          0       4603   wifi_function.o

    ----------------------------------------------------------------------
     27420       2498     176900       1420       8312     482263   Object Totals
         0          0         32          0          0          0   (incl. Generated)
        32          0          2          6          6          0   (incl. Padding)

    ----------------------------------------------------------------------

      Code (inc. data)   RO Data    RW Data    ZI Data      Debug   Library Member Name

        92          0          0          0          0          0   __dczerorl2.o
         0          0          0          0          0          0   entry.o
         0          0          0          0          0          0   entry10a.o
         0          0          0          0          0          0   entry11a.o
         8          4          0          0          0          0   entry2.o
         4          0          0          0          0          0   entry5.o
         0          0          0          0          0          0   entry7b.o
         0          0          0          0          0          0   entry8b.o
         8          4          0          0          0          0   entry9a.o
        30          0          0          0          0          0   handlers.o
        36          8          0          0          0         68   init.o
         0          0          0          0          0          0   iusefp.o
        30          0          0          0          0         68   llshl.o
        36          0          0          0          0         68   llsshr.o
        32          0          0          0          0         68   llushr.o
        36          0          0          0          0         68   memcpya.o
        36          0          0          0          0        108   memseta.o
       522         20          0          0          0        332   printf3.o
         0          0          0          4          0          0   stdout.o
        36          0          0          0          0         80   strstr.o
        44          0          0          0          0         80   uidiv.o
        40          2          0          0          0         68   cdcmple.o
       334          0          0          0          0        148   dadd.o
       222          0          0          0          0        100   ddiv.o
       190          0          0          0          0        176   depilogue.o
        50          0          0          0          0         76   dfixui.o
        34          0          0          0          0         76   dflti.o
        26          0          0          0          0         76   dfltui.o
       228          0          0          0          0         96   dmul.o
       128          0          0          0          0         88   fdiv.o
       108          0          0          0          0        168   fepilogue.o
        40          0          0          0          0         68   ffixui.o
        10          0          0          0          0         68   ffltui.o
       108          0          0          0          0         76   fmul.o

    ----------------------------------------------------------------------
      2472         38          0          4          0       2224   Library Totals
         4          0          0          0          0          0   (incl. Padding)

    ----------------------------------------------------------------------

      Code (inc. data)   RO Data    RW Data    ZI Data      Debug   Library Name

       950         36          0          4          0        940   mc_w.l
      1518          2          0          0          0       1284   mf_w.l

    ----------------------------------------------------------------------
      2472         38          0          4          0       2224   Library Totals

    ----------------------------------------------------------------------

==============================================================================


      Code (inc. data)   RO Data    RW Data    ZI Data      Debug   

     29892       2536     176900       1424       8312     471019   Grand Totals
     29892       2536     176900        164       8312     471019   ELF Image Totals (compressed)
     29892       2536     176900        164          0          0   ROM Totals

==============================================================================

    Total RO  Size (Code + RO Data)               206792 ( 201.95kB)
    Total RW  Size (RW Data + ZI Data)              9736 (   9.51kB)
    Total ROM Size (Code + RO Data + RW Data)     206956 ( 202.11kB)

==============================================================================

